../Core/Inc/DHTdataSet.h:26:6:dhtDataSet_parityCheck	24	static
../Core/Inc/DHTdataSet.h:34:8:dhtDataSet_calcHumidity	24	static
../Core/Inc/DHTdataSet.h:46:8:dhtDataSet_calcTemperature	24	static
../Core/Inc/helpers.h:18:6:printSerialLine	16	static
../Core/Inc/helpers.h:25:6:printValuesSerialLine	296	static
../Core/Inc/helpers.h:41:6:delayMicroseconds	24	static
../Core/Inc/DHTprotocol.h:23:17:busyWaitWhile	32	static
../Core/Inc/DHTprotocol.h:42:20:pulse2Bit	16	static
../Core/Inc/DHTprotocol.h:48:13:dht_protocol_performHandshake	48	static
../Core/Inc/DHTprotocol.h:79:13:dht_protocol_receive40bits	32	static
../Core/Inc/DHTprotocol.h:117:6:dht_protocol_readData	24	static
../Core/Src/main.c:73:5:main	72	static
../Core/Src/main.c:141:6:SystemClock_Config	88	static
../Core/Src/main.c:185:13:MX_TIM10_Init	8	static
../Core/Src/main.c:215:13:MX_USART2_UART_Init	8	static
../Core/Src/main.c:247:13:MX_GPIO_Init	48	static
../Core/Src/main.c:293:6:Error_Handler	4	static,ignoring_inline_asm
