Archive member included to satisfy reference by file (symbol)

/opt/st/stm32cubeide_1.12.1/plugins/com.st.stm32cube.ide.mcu.externaltools.gnu-tools-for-stm32.10.3-2021.10.linux64_1.0.200.202301161003/tools/bin/../lib/gcc/arm-none-eabi/10.3.1/../../../../arm-none-eabi/lib/thumb/v7e-m+fp/hard/libc_nano.a(lib_a-errno.o)
                              ./Core/Src/syscalls.o (__errno)
/opt/st/stm32cubeide_1.12.1/plugins/com.st.stm32cube.ide.mcu.externaltools.gnu-tools-for-stm32.10.3-2021.10.linux64_1.0.200.202301161003/tools/bin/../lib/gcc/arm-none-eabi/10.3.1/../../../../arm-none-eabi/lib/thumb/v7e-m+fp/hard/libc_nano.a(lib_a-exit.o)
                              /opt/st/stm32cubeide_1.12.1/plugins/com.st.stm32cube.ide.mcu.externaltools.gnu-tools-for-stm32.10.3-2021.10.linux64_1.0.200.202301161003/tools/bin/../lib/gcc/arm-none-eabi/10.3.1/../../../../arm-none-eabi/lib/thumb/v7e-m+fp/hard/crt0.o (exit)
/opt/st/stm32cubeide_1.12.1/plugins/com.st.stm32cube.ide.mcu.externaltools.gnu-tools-for-stm32.10.3-2021.10.linux64_1.0.200.202301161003/tools/bin/../lib/gcc/arm-none-eabi/10.3.1/../../../../arm-none-eabi/lib/thumb/v7e-m+fp/hard/libc_nano.a(lib_a-impure.o)
                              /opt/st/stm32cubeide_1.12.1/plugins/com.st.stm32cube.ide.mcu.externaltools.gnu-tools-for-stm32.10.3-2021.10.linux64_1.0.200.202301161003/tools/bin/../lib/gcc/arm-none-eabi/10.3.1/../../../../arm-none-eabi/lib/thumb/v7e-m+fp/hard/libc_nano.a(lib_a-exit.o) (_global_impure_ptr)
/opt/st/stm32cubeide_1.12.1/plugins/com.st.stm32cube.ide.mcu.externaltools.gnu-tools-for-stm32.10.3-2021.10.linux64_1.0.200.202301161003/tools/bin/../lib/gcc/arm-none-eabi/10.3.1/../../../../arm-none-eabi/lib/thumb/v7e-m+fp/hard/libc_nano.a(lib_a-init.o)
                              /opt/st/stm32cubeide_1.12.1/plugins/com.st.stm32cube.ide.mcu.externaltools.gnu-tools-for-stm32.10.3-2021.10.linux64_1.0.200.202301161003/tools/bin/../lib/gcc/arm-none-eabi/10.3.1/../../../../arm-none-eabi/lib/thumb/v7e-m+fp/hard/crt0.o (__libc_init_array)
/opt/st/stm32cubeide_1.12.1/plugins/com.st.stm32cube.ide.mcu.externaltools.gnu-tools-for-stm32.10.3-2021.10.linux64_1.0.200.202301161003/tools/bin/../lib/gcc/arm-none-eabi/10.3.1/../../../../arm-none-eabi/lib/thumb/v7e-m+fp/hard/libc_nano.a(lib_a-memset.o)
                              /opt/st/stm32cubeide_1.12.1/plugins/com.st.stm32cube.ide.mcu.externaltools.gnu-tools-for-stm32.10.3-2021.10.linux64_1.0.200.202301161003/tools/bin/../lib/gcc/arm-none-eabi/10.3.1/../../../../arm-none-eabi/lib/thumb/v7e-m+fp/hard/crt0.o (memset)
/opt/st/stm32cubeide_1.12.1/plugins/com.st.stm32cube.ide.mcu.externaltools.gnu-tools-for-stm32.10.3-2021.10.linux64_1.0.200.202301161003/tools/bin/../lib/gcc/arm-none-eabi/10.3.1/../../../../arm-none-eabi/lib/thumb/v7e-m+fp/hard/libc_nano.a(lib_a-sprintf.o)
                              ./Core/Src/main.o (sprintf)
/opt/st/stm32cubeide_1.12.1/plugins/com.st.stm32cube.ide.mcu.externaltools.gnu-tools-for-stm32.10.3-2021.10.linux64_1.0.200.202301161003/tools/bin/../lib/gcc/arm-none-eabi/10.3.1/../../../../arm-none-eabi/lib/thumb/v7e-m+fp/hard/libc_nano.a(lib_a-strcat.o)
                              ./Core/Src/main.o (strcat)
/opt/st/stm32cubeide_1.12.1/plugins/com.st.stm32cube.ide.mcu.externaltools.gnu-tools-for-stm32.10.3-2021.10.linux64_1.0.200.202301161003/tools/bin/../lib/gcc/arm-none-eabi/10.3.1/../../../../arm-none-eabi/lib/thumb/v7e-m+fp/hard/libc_nano.a(lib_a-strlen.o)
                              ./Core/Src/main.o (strlen)
/opt/st/stm32cubeide_1.12.1/plugins/com.st.stm32cube.ide.mcu.externaltools.gnu-tools-for-stm32.10.3-2021.10.linux64_1.0.200.202301161003/tools/bin/../lib/gcc/arm-none-eabi/10.3.1/../../../../arm-none-eabi/lib/thumb/v7e-m+fp/hard/libc_nano.a(lib_a-nano-svfprintf.o)
                              /opt/st/stm32cubeide_1.12.1/plugins/com.st.stm32cube.ide.mcu.externaltools.gnu-tools-for-stm32.10.3-2021.10.linux64_1.0.200.202301161003/tools/bin/../lib/gcc/arm-none-eabi/10.3.1/../../../../arm-none-eabi/lib/thumb/v7e-m+fp/hard/libc_nano.a(lib_a-sprintf.o) (_svfprintf_r)
/opt/st/stm32cubeide_1.12.1/plugins/com.st.stm32cube.ide.mcu.externaltools.gnu-tools-for-stm32.10.3-2021.10.linux64_1.0.200.202301161003/tools/bin/../lib/gcc/arm-none-eabi/10.3.1/../../../../arm-none-eabi/lib/thumb/v7e-m+fp/hard/libc_nano.a(lib_a-nano-vfprintf_i.o)
                              /opt/st/stm32cubeide_1.12.1/plugins/com.st.stm32cube.ide.mcu.externaltools.gnu-tools-for-stm32.10.3-2021.10.linux64_1.0.200.202301161003/tools/bin/../lib/gcc/arm-none-eabi/10.3.1/../../../../arm-none-eabi/lib/thumb/v7e-m+fp/hard/libc_nano.a(lib_a-nano-svfprintf.o) (_printf_i)
/opt/st/stm32cubeide_1.12.1/plugins/com.st.stm32cube.ide.mcu.externaltools.gnu-tools-for-stm32.10.3-2021.10.linux64_1.0.200.202301161003/tools/bin/../lib/gcc/arm-none-eabi/10.3.1/../../../../arm-none-eabi/lib/thumb/v7e-m+fp/hard/libc_nano.a(lib_a-memchr.o)
[...]
Memory Configuration

Name             Origin             Length             Attributes
RAM              0x0000000020000000 0x0000000000018000 xrw
FLASH            0x0000000008000000 0x0000000000080000 xr
*default*        0x0000000000000000 0xffffffffffffffff

Linker script and memory map

LOAD /opt/st/stm32cubeide_1.12.1/plugins/com.st.stm32cube.ide.mcu.externaltools.gnu-tools-for-stm32.10.3-2021.10.linux64_1.0.200.202301161003/tools/bin/../lib/gcc/arm-none-eabi/10.3.1/thumb/v7e-m+fp/hard/crti.o
LOAD /opt/st/stm32cubeide_1.12.1/plugins/com.st.stm32cube.ide.mcu.externaltools.gnu-tools-for-stm32.10.3-2021.10.linux64_1.0.200.202301161003/tools/bin/../lib/gcc/arm-none-eabi/10.3.1/thumb/v7e-m+fp/hard/crtbegin.o
LOAD /opt/st/stm32cubeide_1.12.1/plugins/com.st.stm32cube.ide.mcu.externaltools.gnu-tools-for-stm32.10.3-2021.10.linux64_1.0.200.202301161003/tools/bin/../lib/gcc/arm-none-eabi/10.3.1/../../../../arm-none-eabi/lib/thumb/v7e-m+fp/hard/crt0.o
LOAD ./Core/Src/main.o
LOAD ./Core/Src/stm32f4xx_hal_msp.o
LOAD ./Core/Src/stm32f4xx_it.o
LOAD ./Core/Src/syscalls.o
LOAD ./Core/Src/sysmem.o
LOAD ./Core/Src/system_stm32f4xx.o
LOAD ./Core/Startup/startup_stm32f401retx.o
LOAD ./Drivers/STM32F4xx_HAL_Driver/Src/stm32f4xx_hal.o
LOAD ./Drivers/STM32F4xx_HAL_Driver/Src/stm32f4xx_hal_cortex.o
LOAD ./Drivers/STM32F4xx_HAL_Driver/Src/stm32f4xx_hal_dma.o
LOAD ./Drivers/STM32F4xx_HAL_Driver/Src/stm32f4xx_hal_dma_ex.o
LOAD ./Drivers/STM32F4xx_HAL_Driver/Src/stm32f4xx_hal_exti.o
LOAD ./Drivers/STM32F4xx_HAL_Driver/Src/stm32f4xx_hal_flash.o
LOAD ./Drivers/STM32F4xx_HAL_Driver/Src/stm32f4xx_hal_flash_ex.o
LOAD ./Drivers/STM32F4xx_HAL_Driver/Src/stm32f4xx_hal_flash_ramfunc.o
LOAD ./Drivers/STM32F4xx_HAL_Driver/Src/stm32f4xx_hal_gpio.o
LOAD ./Drivers/STM32F4xx_HAL_Driver/Src/stm32f4xx_hal_pwr.o
LOAD ./Drivers/STM32F4xx_HAL_Driver/Src/stm32f4xx_hal_pwr_ex.o
LOAD ./Drivers/STM32F4xx_HAL_Driver/Src/stm32f4xx_hal_rcc.o
LOAD ./Drivers/STM32F4xx_HAL_Driver/Src/stm32f4xx_hal_rcc_ex.o
LOAD ./Drivers/STM32F4xx_HAL_Driver/Src/stm32f4xx_hal_tim.o
LOAD ./Drivers/STM32F4xx_HAL_Driver/Src/stm32f4xx_hal_tim_ex.o
LOAD ./Drivers/STM32F4xx_HAL_Driver/Src/stm32f4xx_hal_uart.o
START GROUP
LOAD /opt/st/stm32cubeide_1.12.1/plugins/com.st.stm32cube.ide.mcu.externaltools.gnu-tools-for-stm32.10.3-2021.10.linux64_1.0.200.202301161003/tools/bin/../lib/gcc/arm-none-eabi/10.3.1/../../../../arm-none-eabi/lib/thumb/v7e-m+fp/hard/libc_nano.a
LOAD /opt/st/stm32cubeide_1.12.1/plugins/com.st.stm32cube.ide.mcu.externaltools.gnu-tools-for-stm32.10.3-2021.10.linux64_1.0.200.202301161003/tools/bin/../lib/gcc/arm-none-eabi/10.3.1/../../../../arm-none-eabi/lib/thumb/v7e-m+fp/hard/libm.a
END GROUP
START GROUP
LOAD /opt/st/stm32cubeide_1.12.1/plugins/com.st.stm32cube.ide.mcu.externaltools.gnu-tools-for-stm32.10.3-2021.10.linux64_1.0.200.202301161003/tools/bin/../lib/gcc/arm-none-eabi/10.3.1/thumb/v7e-m+fp/hard/libgcc.a
LOAD /opt/st/stm32cubeide_1.12.1/plugins/com.st.stm32cube.ide.mcu.externaltools.gnu-tools-for-stm32.10.3-2021.10.linux64_1.0.200.202301161003/tools/bin/../lib/gcc/arm-none-eabi/10.3.1/../../../../arm-none-eabi/lib/thumb/v7e-m+fp/hard/libc_nano.a
END GROUP
START GROUP
LOAD /opt/st/stm32cubeide_1.12.1/plugins/com.st.stm32cube.ide.mcu.externaltools.gnu-tools-for-stm32.10.3-2021.10.linux64_1.0.200.202301161003/tools/bin/../lib/gcc/arm-none-eabi/10.3.1/thumb/v7e-m+fp/hard/libgcc.a
LOAD /opt/st/stm32cubeide_1.12.1/plugins/com.st.stm32cube.ide.mcu.externaltools.gnu-tools-for-stm32.10.3-2021.10.linux64_1.0.200.202301161003/tools/bin/../lib/gcc/arm-none-eabi/10.3.1/../../../../arm-none-eabi/lib/thumb/v7e-m+fp/hard/libc_nano.a
LOAD /opt/st/stm32cubeide_1.12.1/plugins/com.st.stm32cube.ide.mcu.externaltools.gnu-tools-for-stm32.10.3-2021.10.linux64_1.0.200.202301161003/tools/bin/../lib/gcc/arm-none-eabi/10.3.1/../../../../arm-none-eabi/lib/thumb/v7e-m+fp/hard/libnosys.a
END GROUP
START GROUP
LOAD /opt/st/stm32cubeide_1.12.1/plugins/com.st.stm32cube.ide.mcu.externaltools.gnu-tools-for-stm32.10.3-2021.10.linux64_1.0.200.202301161003/tools/bin/../lib/gcc/arm-none-eabi/10.3.1/thumb/v7e-m+fp/hard/libgcc.a
LOAD /opt/st/stm32cubeide_1.12.1/plugins/com.st.stm32cube.ide.mcu.externaltools.gnu-tools-for-stm32.10.3-2021.10.linux64_1.0.200.202301161003/tools/bin/../lib/gcc/arm-none-eabi/10.3.1/../../../../arm-none-eabi/lib/thumb/v7e-m+fp/hard/libc_nano.a
LOAD /opt/st/stm32cubeide_1.12.1/plugins/com.st.stm32cube.ide.mcu.externaltools.gnu-tools-for-stm32.10.3-2021.10.linux64_1.0.200.202301161003/tools/bin/../lib/gcc/arm-none-eabi/10.3.1/../../../../arm-none-eabi/lib/thumb/v7e-m+fp/hard/libnosys.a
END GROUP
LOAD /opt/st/stm32cubeide_1.12.1/plugins/com.st.stm32cube.ide.mcu.externaltools.gnu-tools-for-stm32.10.3-2021.10.linux64_1.0.200.202301161003/tools/bin/../lib/gcc/arm-none-eabi/10.3.1/thumb/v7e-m+fp/hard/crtend.o
LOAD /opt/st/stm32cubeide_1.12.1/plugins/com.st.stm32cube.ide.mcu.externaltools.gnu-tools-for-stm32.10.3-2021.10.linux64_1.0.200.202301161003/tools/bin/../lib/gcc/arm-none-eabi/10.3.1/thumb/v7e-m+fp/hard/crtn.o
                0x0000000020018000                _estack = (ORIGIN (RAM) + LENGTH (RAM))
                0x0000000000000200                _Min_Heap_Size = 0x200
                0x0000000000000400                _Min_Stack_Size = 0x400

.isr_vector     0x0000000008000000      0x194
                0x0000000008000000                . = ALIGN (0x4)
 *(.isr_vector)
 .isr_vector    0x0000000008000000      0x194 ./Core/Startup/startup_stm32f401retx.o
                0x0000000008000000                g_pfnVectors
                0x0000000008000194                . = ALIGN (0x4)

.text           0x00000000080001a0     0x39b4
                0x00000000080001a0                . = ALIGN (0x4)
 *(.text)
 .text          0x00000000080001a0       0x40 /opt/st/stm32cubeide_1.12.1/plugins/com.st.stm32cube.ide.mcu.externaltools.gnu-tools-for-stm32.10.3-2021.10.linux64_1.0.200.202301161003/tools/bin/../lib/gcc/arm-none-eabi/10.3.1/thumb/v7e-m+fp/hard/crtbegin.o
 .text          0x00000000080001e0       0x10 /opt/st/stm32cubeide_1.12.1/plugins/com.st.stm32cube.ide.mcu.externaltools.gnu-tools-for-stm32.10.3-2021.10.linux64_1.0.200.202301161003/tools/bin/../lib/gcc/arm-none-eabi/10.3.1/../../../../arm-none-eabi/lib/thumb/v7e-m+fp/hard/libc_nano.a(lib_a-strlen.o)
                0x00000000080001e0                strlen
 .text          0x00000000080001f0       0xa0 /opt/st/stm32cubeide_1.12.1/plugins/com.st.stm32cube.ide.mcu.externaltools.gnu-tools-for-stm32.10.3-2021.10.linux64_1.0.200.202301161003/tools/bin/../lib/gcc/arm-none-eabi/10.3.1/../../../../arm-none-eabi/lib/thumb/v7e-m+fp/hard/libc_nano.a(lib_a-memchr.o)
                0x00000000080001f0                memchr
 .text          0x0000000008000290      0x254 /opt/st/stm32cubeide_1.12.1/plugins/com.st.stm32cube.ide.mcu.externaltools.gnu-tools-for-stm32.10.3-2021.10.linux64_1.0.200.202301161003/tools/bin/../lib/gcc/arm-none-eabi/10.3.1/thumb/v7e-m+fp/hard/libgcc.a(_arm_muldf3.o)
                0x0000000008000290                __aeabi_dmul
                0x0000000008000290                __muldf3
 .text          0x00000000080004e4      0x378 /opt/st/stm32cubeide_1.12.1/plugins/com.st.stm32cube.ide.mcu.externaltools.gnu-tools-for-stm32.10.3-2021.10.linux64_1.0.200.202301161003/tools/bin/../lib/gcc/arm-none-eabi/10.3.1/thumb/v7e-m+fp/hard/libgcc.a(_arm_addsubdf3.o)
                0x00000000080004e4                __aeabi_drsub
                0x00000000080004ec                __aeabi_dsub
                0x00000000080004ec                __subdf3
                0x00000000080004f0                __adddf3
                0x00000000080004f0                __aeabi_dadd
                0x0000000008000768                __aeabi_ui2d
                0x0000000008000768                __floatunsidf
                0x0000000008000788                __floatsidf
                0x0000000008000788                __aeabi_i2d
                0x00000000080007ac                __extendsfdf2
                0x00000000080007ac                __aeabi_f2d
                0x00000000080007f0                __aeabi_ul2d
                0x00000000080007f0                __floatundidf
                0x0000000008000800                __floatdidf
                0x0000000008000800                __aeabi_l2d
 .text          0x000000000800085c       0x50 /opt/st/stm32cubeide_1.12.1/plugins/com.st.stm32cube.ide.mcu.externaltools.gnu-tools-for-stm32.10.3-2021.10.linux64_1.0.200.202301161003/tools/bin/../lib/gcc/arm-none-eabi/10.3.1/thumb/v7e-m+fp/hard/libgcc.a(_arm_fixdfsi.o)
                0x000000000800085c                __fixdfsi
                0x000000000800085c                __aeabi_d2iz
 .text          0x00000000080008ac       0x30 /opt/st/stm32cubeide_1.12.1/plugins/com.st.stm32cube.ide.mcu.externaltools.gnu-tools-for-stm32.10.3-2021.10.linux64_1.0.200.202301161003/tools/bin/../lib/gcc/arm-none-eabi/10.3.1/thumb/v7e-m+fp/hard/libgcc.a(_aeabi_uldivmod.o)
                0x00000000080008ac                __aeabi_uldivmod
 .text          0x00000000080008dc      0x2d0 /opt/st/stm32cubeide_1.12.1/plugins/com.st.stm32cube.ide.mcu.externaltools.gnu-tools-for-stm32.10.3-2021.10.linux64_1.0.200.202301161003/tools/bin/../lib/gcc/arm-none-eabi/10.3.1/thumb/v7e-m+fp/hard/libgcc.a(_udivmoddi4.o)
                0x00000000080008dc                __udivmoddi4
 .text          0x0000000008000bac        0x4 /opt/st/stm32cubeide_1.12.1/plugins/com.st.stm32cube.ide.mcu.externaltools.gnu-tools-for-stm32.10.3-2021.10.linux64_1.0.200.202301161003/tools/bin/../lib/gcc/arm-none-eabi/10.3.1/thumb/v7e-m+fp/hard/libgcc.a(_dvmd_tls.o)
                0x0000000008000bac                __aeabi_ldiv0
                0x0000000008000bac                __aeabi_idiv0
 *(.text*)
 .text.dhtDataSet_parityCheck
                0x0000000008000bb0       0x4c ./Core/Src/main.o
                0x0000000008000bb0                dhtDataSet_parityCheck
 *fill*         0x0000000008000bfc        0x4 
 .text.dhtDataSet_calcHumidity
                0x0000000008000c00       0x60 ./Core/Src/main.o
                0x0000000008000c00                dhtDataSet_calcHumidity
 .text.dhtDataSet_calcTemperature
                0x0000000008000c60       0xf8 ./Core/Src/main.o
                0x0000000008000c60                dhtDataSet_calcTemperature
 .text.printSerialLine
                0x0000000008000d58       0x44 ./Core/Src/main.o
                0x0000000008000d58                printSerialLine
 .text.printValuesSerialLine
                0x0000000008000d9c      0x130 ./Core/Src/main.o
                0x0000000008000d9c                printValuesSerialLine
 .text.delayMicroseconds
                0x0000000008000ecc       0x34 ./Core/Src/main.o
                0x0000000008000ecc                delayMicroseconds
 .text.busyWaitWhile
                0x0000000008000f00       0x62 ./Core/Src/main.o
 .text.pulse2Bit
                0x0000000008000f62       0x2e ./Core/Src/main.o
 .text.dht_protocol_performHandshake
                0x0000000008000f90       0xb4 ./Core/Src/main.o
 .text.dht_protocol_receive40bits
                0x0000000008001044      0x216 ./Core/Src/main.o
 .text.dht_protocol_readData
                0x000000000800125a       0x3c ./Core/Src/main.o
                0x000000000800125a                dht_protocol_readData
 *fill*         0x0000000008001296        0x2 
 .text.main     0x0000000008001298       0xd4 ./Core/Src/main.o
                0x0000000008001298                main
 .text.SystemClock_Config
                0x000000000800136c       0xd8 ./Core/Src/main.o
                0x000000000800136c                SystemClock_Config
 .text.MX_TIM10_Init
                0x0000000008001444       0x48 ./Core/Src/main.o
 .text.MX_USART2_UART_Init
                0x000000000800148c       0x54 ./Core/Src/main.o
 .text.MX_GPIO_Init
                0x00000000080014e0       0xf8 ./Core/Src/main.o
 .text.Error_Handler
                0x00000000080015d8        0xa ./Core/Src/main.o
                0x00000000080015d8                Error_Handler
 *fill*         0x00000000080015e2        0x2 
 .text.HAL_MspInit
                0x00000000080015e4       0x50 ./Core/Src/stm32f4xx_hal_msp.o
                0x00000000080015e4                HAL_MspInit
 .text.HAL_TIM_Base_MspInit
                0x0000000008001634       0x44 ./Core/Src/stm32f4xx_hal_msp.o
                0x0000000008001634                HAL_TIM_Base_MspInit
 .text.HAL_UART_MspInit
                0x0000000008001678       0x90 ./Core/Src/stm32f4xx_hal_msp.o
                0x0000000008001678                HAL_UART_MspInit
 .text.NMI_Handler
                0x0000000008001708        0x6 ./Core/Src/stm32f4xx_it.o
                0x0000000008001708                NMI_Handler
 .text.HardFault_Handler
                0x000000000800170e        0x6 ./Core/Src/stm32f4xx_it.o
                0x000000000800170e                HardFault_Handler
 .text.MemManage_Handler
                0x0000000008001714        0x6 ./Core/Src/stm32f4xx_it.o
                0x0000000008001714                MemManage_Handler
 .text.BusFault_Handler
                0x000000000800171a        0x6 ./Core/Src/stm32f4xx_it.o
                0x000000000800171a                BusFault_Handler
 .text.UsageFault_Handler
                0x0000000008001720        0x6 ./Core/Src/stm32f4xx_it.o
                0x0000000008001720                UsageFault_Handler
 .text.SVC_Handler
                0x0000000008001726        0xe ./Core/Src/stm32f4xx_it.o
                0x0000000008001726                SVC_Handler
 .text.DebugMon_Handler
                0x0000000008001734        0xe ./Core/Src/stm32f4xx_it.o
                0x0000000008001734                DebugMon_Handler
 .text.PendSV_Handler
                0x0000000008001742        0xe ./Core/Src/stm32f4xx_it.o
                0x0000000008001742                PendSV_Handler
 .text.SysTick_Handler
                0x0000000008001750        0xc ./Core/Src/stm32f4xx_it.o
                0x0000000008001750                SysTick_Handler
 .text._sbrk    0x000000000800175c       0x6c ./Core/Src/sysmem.o
                0x000000000800175c                _sbrk
 .text.SystemInit
                0x00000000080017c8       0x24 ./Core/Src/system_stm32f4xx.o
                0x00000000080017c8                SystemInit
 .text.Reset_Handler
                0x00000000080017ec       0x50 ./Core/Startup/startup_stm32f401retx.o
                0x00000000080017ec                Reset_Handler
 .text.Default_Handler
                0x000000000800183c        0x2 ./Core/Startup/startup_stm32f401retx.o
                0x000000000800183c                RTC_Alarm_IRQHandler
                0x000000000800183c                EXTI2_IRQHandler
                0x000000000800183c                SPI4_IRQHandler
                0x000000000800183c                TIM1_CC_IRQHandler
                0x000000000800183c                DMA2_Stream5_IRQHandler
                0x000000000800183c                DMA1_Stream5_IRQHandler
                0x000000000800183c                PVD_IRQHandler
                0x000000000800183c                SDIO_IRQHandler
                0x000000000800183c                TAMP_STAMP_IRQHandler
                0x000000000800183c                EXTI3_IRQHandler
                0x000000000800183c                TIM1_UP_TIM10_IRQHandler
                0x000000000800183c                I2C3_ER_IRQHandler
                0x000000000800183c                EXTI0_IRQHandler
                0x000000000800183c                I2C2_EV_IRQHandler
                0x000000000800183c                DMA1_Stream2_IRQHandler
                0x000000000800183c                FPU_IRQHandler
                0x000000000800183c                DMA2_Stream2_IRQHandler
                0x000000000800183c                SPI1_IRQHandler
                0x000000000800183c                TIM1_BRK_TIM9_IRQHandler
                0x000000000800183c                DMA2_Stream3_IRQHandler
                0x000000000800183c                USART6_IRQHandler
                0x000000000800183c                DMA2_Stream0_IRQHandler
                0x000000000800183c                TIM4_IRQHandler
                0x000000000800183c                I2C1_EV_IRQHandler
                0x000000000800183c                DMA1_Stream6_IRQHandler
                0x000000000800183c                DMA1_Stream1_IRQHandler
                0x000000000800183c                TIM3_IRQHandler
                0x000000000800183c                RCC_IRQHandler
                0x000000000800183c                Default_Handler
                0x000000000800183c                EXTI15_10_IRQHandler
                0x000000000800183c                ADC_IRQHandler
                0x000000000800183c                DMA1_Stream7_IRQHandler
                0x000000000800183c                TIM5_IRQHandler
                0x000000000800183c                DMA2_Stream7_IRQHandler
                0x000000000800183c                I2C3_EV_IRQHandler
                0x000000000800183c                EXTI9_5_IRQHandler
                0x000000000800183c                RTC_WKUP_IRQHandler
                0x000000000800183c                SPI2_IRQHandler
                0x000000000800183c                DMA1_Stream0_IRQHandler
                0x000000000800183c                EXTI4_IRQHandler
                0x000000000800183c                WWDG_IRQHandler
                0x000000000800183c                TIM2_IRQHandler
                0x000000000800183c                OTG_FS_WKUP_IRQHandler
                0x000000000800183c                TIM1_TRG_COM_TIM11_IRQHandler
                0x000000000800183c                EXTI1_IRQHandler
                0x000000000800183c                USART2_IRQHandler
                0x000000000800183c                I2C2_ER_IRQHandler
                0x000000000800183c                DMA2_Stream1_IRQHandler
                0x000000000800183c                FLASH_IRQHandler
                0x000000000800183c                DMA2_Stream4_IRQHandler
                0x000000000800183c                USART1_IRQHandler
                0x000000000800183c                OTG_FS_IRQHandler
                0x000000000800183c                SPI3_IRQHandler
                0x000000000800183c                DMA1_Stream4_IRQHandler
                0x000000000800183c                I2C1_ER_IRQHandler
                0x000000000800183c                DMA2_Stream6_IRQHandler
                0x000000000800183c                DMA1_Stream3_IRQHandler
 *fill*         0x000000000800183e        0x2 
 .text.HAL_Init
                0x0000000008001840       0x44 ./Drivers/STM32F4xx_HAL_Driver/Src/stm32f4xx_hal.o
                0x0000000008001840                HAL_Init
 .text.HAL_InitTick
                0x0000000008001884       0x60 ./Drivers/STM32F4xx_HAL_Driver/Src/stm32f4xx_hal.o
                0x0000000008001884                HAL_InitTick
 .text.HAL_IncTick
                0x00000000080018e4       0x28 ./Drivers/STM32F4xx_HAL_Driver/Src/stm32f4xx_hal.o
                0x00000000080018e4                HAL_IncTick
 .text.HAL_GetTick
                0x000000000800190c       0x18 ./Drivers/STM32F4xx_HAL_Driver/Src/stm32f4xx_hal.o
                0x000000000800190c                HAL_GetTick
 .text.HAL_Delay
                0x0000000008001924       0x48 ./Drivers/STM32F4xx_HAL_Driver/Src/stm32f4xx_hal.o
                0x0000000008001924                HAL_Delay
 .text.__NVIC_SetPriorityGrouping
                0x000000000800196c       0x48 ./Drivers/STM32F4xx_HAL_Driver/Src/stm32f4xx_hal_cortex.o
 .text.__NVIC_GetPriorityGrouping
                0x00000000080019b4       0x1c ./Drivers/STM32F4xx_HAL_Driver/Src/stm32f4xx_hal_cortex.o
 .text.__NVIC_SetPriority
                0x00000000080019d0       0x54 ./Drivers/STM32F4xx_HAL_Driver/Src/stm32f4xx_hal_cortex.o
 .text.NVIC_EncodePriority
                0x0000000008001a24       0x66 ./Drivers/STM32F4xx_HAL_Driver/Src/stm32f4xx_hal_cortex.o
 *fill*         0x0000000008001a8a        0x2 
 .text.SysTick_Config
                0x0000000008001a8c       0x44 ./Drivers/STM32F4xx_HAL_Driver/Src/stm32f4xx_hal_cortex.o
 .text.HAL_NVIC_SetPriorityGrouping
                0x0000000008001ad0       0x16 ./Drivers/STM32F4xx_HAL_Driver/Src/stm32f4xx_hal_cortex.o
                0x0000000008001ad0                HAL_NVIC_SetPriorityGrouping
 .text.HAL_NVIC_SetPriority
                0x0000000008001ae6       0x38 ./Drivers/STM32F4xx_HAL_Driver/Src/stm32f4xx_hal_cortex.o
                0x0000000008001ae6                HAL_NVIC_SetPriority
 .text.HAL_SYSTICK_Config
                0x0000000008001b1e       0x18 ./Drivers/STM32F4xx_HAL_Driver/Src/stm32f4xx_hal_cortex.o
                0x0000000008001b1e                HAL_SYSTICK_Config
 *fill*         0x0000000008001b36        0x2 
 .text.HAL_GPIO_Init
                0x0000000008001b38      0x308 ./Drivers/STM32F4xx_HAL_Driver/Src/stm32f4xx_hal_gpio.o
                0x0000000008001b38                HAL_GPIO_Init
 .text.HAL_GPIO_ReadPin
                0x0000000008001e40       0x30 ./Drivers/STM32F4xx_HAL_Driver/Src/stm32f4xx_hal_gpio.o
                0x0000000008001e40                HAL_GPIO_ReadPin
 .text.HAL_GPIO_WritePin
                0x0000000008001e70       0x32 ./Drivers/STM32F4xx_HAL_Driver/Src/stm32f4xx_hal_gpio.o
                0x0000000008001e70                HAL_GPIO_WritePin
 .text.HAL_GPIO_TogglePin
                0x0000000008001ea2       0x34 ./Drivers/STM32F4xx_HAL_Driver/Src/stm32f4xx_hal_gpio.o
                0x0000000008001ea2                HAL_GPIO_TogglePin
 *fill*         0x0000000008001ed6        0x2 
 .text.HAL_RCC_OscConfig
                0x0000000008001ed8      0x4f0 ./Drivers/STM32F4xx_HAL_Driver/Src/stm32f4xx_hal_rcc.o
                0x0000000008001ed8                HAL_RCC_OscConfig
 .text.HAL_RCC_ClockConfig
                0x00000000080023c8      0x1cc ./Drivers/STM32F4xx_HAL_Driver/Src/stm32f4xx_hal_rcc.o
                0x00000000080023c8                HAL_RCC_ClockConfig
 .text.HAL_RCC_GetSysClockFreq
                0x0000000008002594      0x20c ./Drivers/STM32F4xx_HAL_Driver/Src/stm32f4xx_hal_rcc.o
                0x0000000008002594                HAL_RCC_GetSysClockFreq
 .text.HAL_RCC_GetHCLKFreq
                0x00000000080027a0       0x18 ./Drivers/STM32F4xx_HAL_Driver/Src/stm32f4xx_hal_rcc.o
                0x00000000080027a0                HAL_RCC_GetHCLKFreq
 .text.HAL_RCC_GetPCLK1Freq
                0x00000000080027b8       0x28 ./Drivers/STM32F4xx_HAL_Driver/Src/stm32f4xx_hal_rcc.o
                0x00000000080027b8                HAL_RCC_GetPCLK1Freq
 .text.HAL_RCC_GetPCLK2Freq
                0x00000000080027e0       0x28 ./Drivers/STM32F4xx_HAL_Driver/Src/stm32f4xx_hal_rcc.o
                0x00000000080027e0                HAL_RCC_GetPCLK2Freq
 .text.HAL_TIM_Base_Init
                0x0000000008002808       0x9e ./Drivers/STM32F4xx_HAL_Driver/Src/stm32f4xx_hal_tim.o
                0x0000000008002808                HAL_TIM_Base_Init
 *fill*         0x00000000080028a6        0x2 
 .text.HAL_TIM_Base_Start
                0x00000000080028a8       0xb4 ./Drivers/STM32F4xx_HAL_Driver/Src/stm32f4xx_hal_tim.o
                0x00000000080028a8                HAL_TIM_Base_Start
 .text.TIM_Base_SetConfig
                0x000000000800295c      0x100 ./Drivers/STM32F4xx_HAL_Driver/Src/stm32f4xx_hal_tim.o
                0x000000000800295c                TIM_Base_SetConfig
 .text.HAL_UART_Init
                0x0000000008002a5c       0x9a ./Drivers/STM32F4xx_HAL_Driver/Src/stm32f4xx_hal_uart.o
                0x0000000008002a5c                HAL_UART_Init
 .text.HAL_UART_Transmit
                0x0000000008002af6      0x124 ./Drivers/STM32F4xx_HAL_Driver/Src/stm32f4xx_hal_uart.o
                0x0000000008002af6                HAL_UART_Transmit
 .text.UART_WaitOnFlagUntilTimeout
                0x0000000008002c1a       0xdc ./Drivers/STM32F4xx_HAL_Driver/Src/stm32f4xx_hal_uart.o
 *fill*         0x0000000008002cf6        0x2 
 .text.UART_SetConfig
                0x0000000008002cf8      0x4e8 ./Drivers/STM32F4xx_HAL_Driver/Src/stm32f4xx_hal_uart.o
 .text.__errno  0x00000000080031e0        0xc /opt/st/stm32cubeide_1.12.1/plugins/com.st.stm32cube.ide.mcu.externaltools.gnu-tools-for-stm32.10.3-2021.10.linux64_1.0.200.202301161003/tools/bin/../lib/gcc/arm-none-eabi/10.3.1/../../../../arm-none-eabi/lib/thumb/v7e-m+fp/hard/libc_nano.a(lib_a-errno.o)
                0x00000000080031e0                __errno
 .text.__libc_init_array
                0x00000000080031ec       0x48 /opt/st/stm32cubeide_1.12.1/plugins/com.st.stm32cube.ide.mcu.externaltools.gnu-tools-for-stm32.10.3-2021.10.linux64_1.0.200.202301161003/tools/bin/../lib/gcc/arm-none-eabi/10.3.1/../../../../arm-none-eabi/lib/thumb/v7e-m+fp/hard/libc_nano.a(lib_a-init.o)
                0x00000000080031ec                __libc_init_array
 .text.memset   0x0000000008003234       0x10 /opt/st/stm32cubeide_1.12.1/plugins/com.st.stm32cube.ide.mcu.externaltools.gnu-tools-for-stm32.10.3-2021.10.linux64_1.0.200.202301161003/tools/bin/../lib/gcc/arm-none-eabi/10.3.1/../../../../arm-none-eabi/lib/thumb/v7e-m+fp/hard/libc_nano.a(lib_a-memset.o)
                0x0000000008003234                memset
 .text.sprintf  0x0000000008003244       0x40 /opt/st/stm32cubeide_1.12.1/plugins/com.st.stm32cube.ide.mcu.externaltools.gnu-tools-for-stm32.10.3-2021.10.linux64_1.0.200.202301161003/tools/bin/../lib/gcc/arm-none-eabi/10.3.1/../../../../arm-none-eabi/lib/thumb/v7e-m+fp/hard/libc_nano.a(lib_a-sprintf.o)
                0x0000000008003244                sprintf
                0x0000000008003244                siprintf
 .text.strcat   0x0000000008003284       0x1e /opt/st/stm32cubeide_1.12.1/plugins/com.st.stm32cube.ide.mcu.externaltools.gnu-tools-for-stm32.10.3-2021.10.linux64_1.0.200.202301161003/tools/bin/../lib/gcc/arm-none-eabi/10.3.1/../../../../arm-none-eabi/lib/thumb/v7e-m+fp/hard/libc_nano.a(lib_a-strcat.o)
                0x0000000008003284                strcat
 .text.__ssputs_r
                0x00000000080032a2       0xb6 /opt/st/stm32cubeide_1.12.1/plugins/com.st.stm32cube.ide.mcu.externaltools.gnu-tools-for-stm32.10.3-2021.10.linux64_1.0.200.202301161003/tools/bin/../lib/gcc/arm-none-eabi/10.3.1/../../../../arm-none-eabi/lib/thumb/v7e-m+fp/hard/libc_nano.a(lib_a-nano-svfprintf.o)
                0x00000000080032a2                __ssputs_r
 .text._svfprintf_r
                0x0000000008003358      0x200 /opt/st/stm32cubeide_1.12.1/plugins/com.st.stm32cube.ide.mcu.externaltools.gnu-tools-for-stm32.10.3-2021.10.linux64_1.0.200.202301161003/tools/bin/../lib/gcc/arm-none-eabi/10.3.1/../../../../arm-none-eabi/lib/thumb/v7e-m+fp/hard/libc_nano.a(lib_a-nano-svfprintf.o)
                0x0000000008003358                _svfprintf_r
                0x0000000008003358                _svfiprintf_r
 .text._printf_common
                0x0000000008003558       0xda /opt/st/stm32cubeide_1.12.1/plugins/com.st.stm32cube.ide.mcu.externaltools.gnu-tools-for-stm32.10.3-2021.10.linux64_1.0.200.202301161003/tools/bin/../lib/gcc/arm-none-eabi/10.3.1/../../../../arm-none-eabi/lib/thumb/v7e-m+fp/hard/libc_nano.a(lib_a-nano-vfprintf_i.o)
                0x0000000008003558                _printf_common
 *fill*         0x0000000008003632        0x2 
 .text._printf_i
                0x0000000008003634      0x24c /opt/st/stm32cubeide_1.12.1/plugins/com.st.stm32cube.ide.mcu.externaltools.gnu-tools-for-stm32.10.3-2021.10.linux64_1.0.200.202301161003/tools/bin/../lib/gcc/arm-none-eabi/10.3.1/../../../../arm-none-eabi/lib/thumb/v7e-m+fp/hard/libc_nano.a(lib_a-nano-vfprintf_i.o)
                0x0000000008003634                _printf_i
 .text.memcpy   0x0000000008003880       0x1c /opt/st/stm32cubeide_1.12.1/plugins/com.st.stm32cube.ide.mcu.externaltools.gnu-tools-for-stm32.10.3-2021.10.linux64_1.0.200.202301161003/tools/bin/../lib/gcc/arm-none-eabi/10.3.1/../../../../arm-none-eabi/lib/thumb/v7e-m+fp/hard/libc_nano.a(lib_a-memcpy-stub.o)
                0x0000000008003880                memcpy
 .text.memmove  0x000000000800389c       0x34 /opt/st/stm32cubeide_1.12.1/plugins/com.st.stm32cube.ide.mcu.externaltools.gnu-tools-for-stm32.10.3-2021.10.linux64_1.0.200.202301161003/tools/bin/../lib/gcc/arm-none-eabi/10.3.1/../../../../arm-none-eabi/lib/thumb/v7e-m+fp/hard/libc_nano.a(lib_a-memmove.o)
                0x000000000800389c                memmove
 .text._free_r  0x00000000080038d0       0x98 /opt/st/stm32cubeide_1.12.1/plugins/com.st.stm32cube.ide.mcu.externaltools.gnu-tools-for-stm32.10.3-2021.10.linux64_1.0.200.202301161003/tools/bin/../lib/gcc/arm-none-eabi/10.3.1/../../../../arm-none-eabi/lib/thumb/v7e-m+fp/hard/libc_nano.a(lib_a-nano-freer.o)
                0x00000000080038d0                _free_r
 .text.sbrk_aligned
                0x0000000008003968       0x40 /opt/st/stm32cubeide_1.12.1/plugins/com.st.stm32cube.ide.mcu.externaltools.gnu-tools-for-stm32.10.3-2021.10.linux64_1.0.200.202301161003/tools/bin/../lib/gcc/arm-none-eabi/10.3.1/../../../../arm-none-eabi/lib/thumb/v7e-m+fp/hard/libc_nano.a(lib_a-nano-mallocr.o)
 .text._malloc_r
                0x00000000080039a8       0xe8 /opt/st/stm32cubeide_1.12.1/plugins/com.st.stm32cube.ide.mcu.externaltools.gnu-tools-for-stm32.10.3-2021.10.linux64_1.0.200.202301161003/tools/bin/../lib/gcc/arm-none-eabi/10.3.1/../../../../arm-none-eabi/lib/thumb/v7e-m+fp/hard/libc_nano.a(lib_a-nano-mallocr.o)
                0x00000000080039a8                _malloc_r
 .text._realloc_r
                0x0000000008003a90       0x5e /opt/st/stm32cubeide_1.12.1/plugins/com.st.stm32cube.ide.mcu.externaltools.gnu-tools-for-stm32.10.3-2021.10.linux64_1.0.200.202301161003/tools/bin/../lib/gcc/arm-none-eabi/10.3.1/../../../../arm-none-eabi/lib/thumb/v7e-m+fp/hard/libc_nano.a(lib_a-nano-reallocr.o)
                0x0000000008003a90                _realloc_r
 *fill*         0x0000000008003aee        0x2 
 .text._sbrk_r  0x0000000008003af0       0x20 /opt/st/stm32cubeide_1.12.1/plugins/com.st.stm32cube.ide.mcu.externaltools.gnu-tools-for-stm32.10.3-2021.10.linux64_1.0.200.202301161003/tools/bin/../lib/gcc/arm-none-eabi/10.3.1/../../../../arm-none-eabi/lib/thumb/v7e-m+fp/hard/libc_nano.a(lib_a-sbrkr.o)
                0x0000000008003af0                _sbrk_r
 .text.__malloc_lock
                0x0000000008003b10        0xc /opt/st/stm32cubeide_1.12.1/plugins/com.st.stm32cube.ide.mcu.externaltools.gnu-tools-for-stm32.10.3-2021.10.linux64_1.0.200.202301161003/tools/bin/../lib/gcc/arm-none-eabi/10.3.1/../../../../arm-none-eabi/lib/thumb/v7e-m+fp/hard/libc_nano.a(lib_a-mlock.o)
                0x0000000008003b10                __malloc_lock
 .text.__malloc_unlock
                0x0000000008003b1c        0xc /opt/st/stm32cubeide_1.12.1/plugins/com.st.stm32cube.ide.mcu.externaltools.gnu-tools-for-stm32.10.3-2021.10.linux64_1.0.200.202301161003/tools/bin/../lib/gcc/arm-none-eabi/10.3.1/../../../../arm-none-eabi/lib/thumb/v7e-m+fp/hard/libc_nano.a(lib_a-mlock.o)
                0x0000000008003b1c                __malloc_unlock
 .text._malloc_usable_size_r
                0x0000000008003b28       0x10 /opt/st/stm32cubeide_1.12.1/plugins/com.st.stm32cube.ide.mcu.externaltools.gnu-tools-for-stm32.10.3-2021.10.linux64_1.0.200.202301161003/tools/bin/../lib/gcc/arm-none-eabi/10.3.1/../../../../arm-none-eabi/lib/thumb/v7e-m+fp/hard/libc_nano.a(lib_a-nano-msizer.o)
                0x0000000008003b28                _malloc_usable_size_r
 .text.__retarget_lock_acquire_recursive
                0x0000000008003b38        0x2 /opt/st/stm32cubeide_1.12.1/plugins/com.st.stm32cube.ide.mcu.externaltools.gnu-tools-for-stm32.10.3-2021.10.linux64_1.0.200.202301161003/tools/bin/../lib/gcc/arm-none-eabi/10.3.1/../../../../arm-none-eabi/lib/thumb/v7e-m+fp/hard/libc_nano.a(lib_a-lock.o)
                0x0000000008003b38                __retarget_lock_acquire_recursive
 .text.__retarget_lock_release_recursive
                0x0000000008003b3a        0x2 /opt/st/stm32cubeide_1.12.1/plugins/com.st.stm32cube.ide.mcu.externaltools.gnu-tools-for-stm32.10.3-2021.10.linux64_1.0.200.202301161003/tools/bin/../lib/gcc/arm-none-eabi/10.3.1/../../../../arm-none-eabi/lib/thumb/v7e-m+fp/hard/libc_nano.a(lib_a-lock.o)
                0x0000000008003b3a                __retarget_lock_release_recursive
 *(.glue_7)
 .glue_7        0x0000000008003b3c        0x0 linker stubs
 *(.glue_7t)
 .glue_7t       0x0000000008003b3c        0x0 linker stubs
 *(.eh_frame)
 .eh_frame      0x0000000008003b3c        0x0 /opt/st/stm32cubeide_1.12.1/plugins/com.st.stm32cube.ide.mcu.externaltools.gnu-tools-for-stm32.10.3-2021.10.linux64_1.0.200.202301161003/tools/bin/../lib/gcc/arm-none-eabi/10.3.1/thumb/v7e-m+fp/hard/crtbegin.o
 *(.init)
 .init          0x0000000008003b3c        0x4 /opt/st/stm32cubeide_1.12.1/plugins/com.st.stm32cube.ide.mcu.externaltools.gnu-tools-for-stm32.10.3-2021.10.linux64_1.0.200.202301161003/tools/bin/../lib/gcc/arm-none-eabi/10.3.1/thumb/v7e-m+fp/hard/crti.o
                0x0000000008003b3c                _init
 .init          0x0000000008003b40        0x8 /opt/st/stm32cubeide_1.12.1/plugins/com.st.stm32cube.ide.mcu.externaltools.gnu-tools-for-stm32.10.3-2021.10.linux64_1.0.200.202301161003/tools/bin/../lib/gcc/arm-none-eabi/10.3.1/thumb/v7e-m+fp/hard/crtn.o
 *(.fini)
 .fini          0x0000000008003b48        0x4 /opt/st/stm32cubeide_1.12.1/plugins/com.st.stm32cube.ide.mcu.externaltools.gnu-tools-for-stm32.10.3-2021.10.linux64_1.0.200.202301161003/tools/bin/../lib/gcc/arm-none-eabi/10.3.1/thumb/v7e-m+fp/hard/crti.o
                0x0000000008003b48                _fini
 .fini          0x0000000008003b4c        0x8 /opt/st/stm32cubeide_1.12.1/plugins/com.st.stm32cube.ide.mcu.externaltools.gnu-tools-for-stm32.10.3-2021.10.linux64_1.0.200.202301161003/tools/bin/../lib/gcc/arm-none-eabi/10.3.1/thumb/v7e-m+fp/hard/crtn.o
                0x0000000008003b54                . = ALIGN (0x4)
                0x0000000008003b54                _etext = .

.vfp11_veneer   0x0000000008003b54        0x0
 .vfp11_veneer  0x0000000008003b54        0x0 linker stubs

.v4_bx          0x0000000008003b54        0x0
 .v4_bx         0x0000000008003b54        0x0 linker stubs

.iplt           0x0000000008003b54        0x0
 .iplt          0x0000000008003b54        0x0 /opt/st/stm32cubeide_1.12.1/plugins/com.st.stm32cube.ide.mcu.externaltools.gnu-tools-for-stm32.10.3-2021.10.linux64_1.0.200.202301161003/tools/bin/../lib/gcc/arm-none-eabi/10.3.1/thumb/v7e-m+fp/hard/crtbegin.o

.rodata         0x0000000008003b54       0xac
                0x0000000008003b54                . = ALIGN (0x4)
 *(.rodata)
 .rodata        0x0000000008003b54       0x5f ./Core/Src/main.o
 *(.rodata*)
 *fill*         0x0000000008003bb3        0x1 
 .rodata.AHBPrescTable
                0x0000000008003bb4       0x10 ./Core/Src/system_stm32f4xx.o
                0x0000000008003bb4                AHBPrescTable
 .rodata.APBPrescTable
                0x0000000008003bc4        0x8 ./Core/Src/system_stm32f4xx.o
                0x0000000008003bc4                APBPrescTable
 .rodata._svfprintf_r.str1.1
                0x0000000008003bcc       0x11 /opt/st/stm32cubeide_1.12.1/plugins/com.st.stm32cube.ide.mcu.externaltools.gnu-tools-for-stm32.10.3-2021.10.linux64_1.0.200.202301161003/tools/bin/../lib/gcc/arm-none-eabi/10.3.1/../../../../arm-none-eabi/lib/thumb/v7e-m+fp/hard/libc_nano.a(lib_a-nano-svfprintf.o)
 .rodata._printf_i.str1.1
                0x0000000008003bdd       0x22 /opt/st/stm32cubeide_1.12.1/plugins/com.st.stm32cube.ide.mcu.externaltools.gnu-tools-for-stm32.10.3-2021.10.linux64_1.0.200.202301161003/tools/bin/../lib/gcc/arm-none-eabi/10.3.1/../../../../arm-none-eabi/lib/thumb/v7e-m+fp/hard/libc_nano.a(lib_a-nano-vfprintf_i.o)
                0x0000000008003c00                . = ALIGN (0x4)
 *fill*         0x0000000008003bff        0x1 

.ARM.extab      0x0000000008003c00        0x0
                0x0000000008003c00                . = ALIGN (0x4)
 *(.ARM.extab* .gnu.linkonce.armextab.*)
                0x0000000008003c00                . = ALIGN (0x4)

.ARM            0x0000000008003c00        0x8
                0x0000000008003c00                . = ALIGN (0x4)
                0x0000000008003c00                __exidx_start = .
 *(.ARM.exidx*)
 .ARM.exidx     0x0000000008003c00        0x8 /opt/st/stm32cubeide_1.12.1/plugins/com.st.stm32cube.ide.mcu.externaltools.gnu-tools-for-stm32.10.3-2021.10.linux64_1.0.200.202301161003/tools/bin/../lib/gcc/arm-none-eabi/10.3.1/thumb/v7e-m+fp/hard/libgcc.a(_udivmoddi4.o)
                0x0000000008003c08                __exidx_end = .
                0x0000000008003c08                . = ALIGN (0x4)

.rel.dyn        0x0000000008003c08        0x0
 .rel.iplt      0x0000000008003c08        0x0 /opt/st/stm32cubeide_1.12.1/plugins/com.st.stm32cube.ide.mcu.externaltools.gnu-tools-for-stm32.10.3-2021.10.linux64_1.0.200.202301161003/tools/bin/../lib/gcc/arm-none-eabi/10.3.1/thumb/v7e-m+fp/hard/crtbegin.o

.preinit_array  0x0000000008003c08        0x0
                0x0000000008003c08                . = ALIGN (0x4)
                0x0000000008003c08                PROVIDE (__preinit_array_start = .)
 *(.preinit_array*)
                0x0000000008003c08                PROVIDE (__preinit_array_end = .)
                0x0000000008003c08                . = ALIGN (0x4)

.init_array     0x0000000008003c08        0x4
                0x0000000008003c08                . = ALIGN (0x4)
                0x0000000008003c08                PROVIDE (__init_array_start = .)
 *(SORT_BY_NAME(.init_array.*))
 *(.init_array*)
 .init_array    0x0000000008003c08        0x4 /opt/st/stm32cubeide_1.12.1/plugins/com.st.stm32cube.ide.mcu.externaltools.gnu-tools-for-stm32.10.3-2021.10.linux64_1.0.200.202301161003/tools/bin/../lib/gcc/arm-none-eabi/10.3.1/thumb/v7e-m+fp/hard/crtbegin.o
                0x0000000008003c0c                PROVIDE (__init_array_end = .)
                0x0000000008003c0c                . = ALIGN (0x4)

.fini_array     0x0000000008003c0c        0x4
                0x0000000008003c0c                . = ALIGN (0x4)
                [!provide]                        PROVIDE (__fini_array_start = .)
 *(SORT_BY_NAME(.fini_array.*))
 *(.fini_array*)
 .fini_array    0x0000000008003c0c        0x4 /opt/st/stm32cubeide_1.12.1/plugins/com.st.stm32cube.ide.mcu.externaltools.gnu-tools-for-stm32.10.3-2021.10.linux64_1.0.200.202301161003/tools/bin/../lib/gcc/arm-none-eabi/10.3.1/thumb/v7e-m+fp/hard/crtbegin.o
                [!provide]                        PROVIDE (__fini_array_end = .)
                0x0000000008003c10                . = ALIGN (0x4)
                0x0000000008003c10                _sidata = LOADADDR (.data)

.data           0x0000000020000000       0x74 load address 0x0000000008003c10
                0x0000000020000000                . = ALIGN (0x4)
                0x0000000020000000                _sdata = .
 *(.data)
 *(.data*)
 .data.temperature.1
                0x0000000020000000        0x1 ./Core/Src/main.o
 .data.humidity.0
                0x0000000020000001        0x1 ./Core/Src/main.o
 *fill*         0x0000000020000002        0x2 
 .data.SystemCoreClock
                0x0000000020000004        0x4 ./Core/Src/system_stm32f4xx.o
                0x0000000020000004                SystemCoreClock
 .data.uwTickPrio
                0x0000000020000008        0x4 ./Drivers/STM32F4xx_HAL_Driver/Src/stm32f4xx_hal.o
                0x0000000020000008                uwTickPrio
 .data.uwTickFreq
                0x000000002000000c        0x1 ./Drivers/STM32F4xx_HAL_Driver/Src/stm32f4xx_hal.o
                0x000000002000000c                uwTickFreq
 *fill*         0x000000002000000d        0x3 
 .data._impure_ptr
                0x0000000020000010        0x4 /opt/st/stm32cubeide_1.12.1/plugins/com.st.stm32cube.ide.mcu.externaltools.gnu-tools-for-stm32.10.3-2021.10.linux64_1.0.200.202301161003/tools/bin/../lib/gcc/arm-none-eabi/10.3.1/../../../../arm-none-eabi/lib/thumb/v7e-m+fp/hard/libc_nano.a(lib_a-impure.o)
                0x0000000020000010                _impure_ptr
 .data.impure_data
                0x0000000020000014       0x60 /opt/st/stm32cubeide_1.12.1/plugins/com.st.stm32cube.ide.mcu.externaltools.gnu-tools-for-stm32.10.3-2021.10.linux64_1.0.200.202301161003/tools/bin/../lib/gcc/arm-none-eabi/10.3.1/../../../../arm-none-eabi/lib/thumb/v7e-m+fp/hard/libc_nano.a(lib_a-impure.o)
 *(.RamFunc)
 *(.RamFunc*)
                0x0000000020000074                . = ALIGN (0x4)
                0x0000000020000074                _edata = .

.igot.plt       0x0000000020000074        0x0 load address 0x0000000008003c84
 .igot.plt      0x0000000020000074        0x0 /opt/st/stm32cubeide_1.12.1/plugins/com.st.stm32cube.ide.mcu.externaltools.gnu-tools-for-stm32.10.3-2021.10.linux64_1.0.200.202301161003/tools/bin/../lib/gcc/arm-none-eabi/10.3.1/thumb/v7e-m+fp/hard/crtbegin.o
                0x0000000020000074                . = ALIGN (0x4)

.bss            0x0000000020000074       0xc8 load address 0x0000000008003c84
                0x0000000020000074                _sbss = .
                0x0000000020000074                __bss_start__ = _sbss
 *(.bss)
 .bss           0x0000000020000074       0x1c /opt/st/stm32cubeide_1.12.1/plugins/com.st.stm32cube.ide.mcu.externaltools.gnu-tools-for-stm32.10.3-2021.10.linux64_1.0.200.202301161003/tools/bin/../lib/gcc/arm-none-eabi/10.3.1/thumb/v7e-m+fp/hard/crtbegin.o
 *(.bss*)
 .bss.htim10    0x0000000020000090       0x48 ./Core/Src/main.o
                0x0000000020000090                htim10
 .bss.huart2    0x00000000200000d8       0x44 ./Core/Src/main.o
                0x00000000200000d8                huart2
 .bss.dataSet.2
                0x000000002000011c        0x5 ./Core/Src/main.o
 *fill*         0x0000000020000121        0x3 
 .bss.__sbrk_heap_end
                0x0000000020000124        0x4 ./Core/Src/sysmem.o
 .bss.uwTick    0x0000000020000128        0x4 ./Drivers/STM32F4xx_HAL_Driver/Src/stm32f4xx_hal.o
                0x0000000020000128                uwTick
 .bss.__malloc_free_list
                0x000000002000012c        0x4 /opt/st/stm32cubeide_1.12.1/plugins/com.st.stm32cube.ide.mcu.externaltools.gnu-tools-for-stm32.10.3-2021.10.linux64_1.0.200.202301161003/tools/bin/../lib/gcc/arm-none-eabi/10.3.1/../../../../arm-none-eabi/lib/thumb/v7e-m+fp/hard/libc_nano.a(lib_a-nano-mallocr.o)
                0x000000002000012c                __malloc_free_list
 .bss.__malloc_sbrk_start
                0x0000000020000130        0x4 /opt/st/stm32cubeide_1.12.1/plugins/com.st.stm32cube.ide.mcu.externaltools.gnu-tools-for-stm32.10.3-2021.10.linux64_1.0.200.202301161003/tools/bin/../lib/gcc/arm-none-eabi/10.3.1/../../../../arm-none-eabi/lib/thumb/v7e-m+fp/hard/libc_nano.a(lib_a-nano-mallocr.o)
                0x0000000020000130                __malloc_sbrk_start
 .bss.errno     0x0000000020000134        0x4 /opt/st/stm32cubeide_1.12.1/plugins/com.st.stm32cube.ide.mcu.externaltools.gnu-tools-for-stm32.10.3-2021.10.linux64_1.0.200.202301161003/tools/bin/../lib/gcc/arm-none-eabi/10.3.1/../../../../arm-none-eabi/lib/thumb/v7e-m+fp/hard/libc_nano.a(lib_a-reent.o)
                0x0000000020000134                errno
 .bss.__lock___malloc_recursive_mutex
                0x0000000020000138        0x1 /opt/st/stm32cubeide_1.12.1/plugins/com.st.stm32cube.ide.mcu.externaltools.gnu-tools-for-stm32.10.3-2021.10.linux64_1.0.200.202301161003/tools/bin/../lib/gcc/arm-none-eabi/10.3.1/../../../../arm-none-eabi/lib/thumb/v7e-m+fp/hard/libc_nano.a(lib_a-lock.o)
                0x0000000020000138                __lock___malloc_recursive_mutex
 *(COMMON)
                0x000000002000013c                . = ALIGN (0x4)
 *fill*         0x0000000020000139        0x3 
                0x000000002000013c                _ebss = .
                0x000000002000013c                __bss_end__ = _ebss

._user_heap_stack
                0x000000002000013c      0x604 load address 0x0000000008003c84
                0x0000000020000140                . = ALIGN (0x8)
 *fill*         0x000000002000013c        0x4 
                [!provide]                        PROVIDE (end = .)
                0x0000000020000140                PROVIDE (_end = .)
                0x0000000020000340                . = (. + _Min_Heap_Size)
 *fill*         0x0000000020000140      0x200 
                0x0000000020000740                . = (. + _Min_Stack_Size)
 *fill*         0x0000000020000340      0x400 
                0x0000000020000740                . = ALIGN (0x8)

/DISCARD/
 libc.a(*)
 libm.a(*)
 libgcc.a(*)

.ARM.attributes
                0x0000000000000000       0x30
 *(.ARM.attributes)
 .ARM.attributes
                0x0000000000000000       0x1e /opt/st/stm32cubeide_1.12.1/plugins/com.st.stm32cube.ide.mcu.externaltools.gnu-tools-for-stm32.10.3-2021.10.linux64_1.0.200.202301161003/tools/bin/../lib/gcc/arm-none-eabi/10.3.1/thumb/v7e-m+fp/hard/crti.o
 .ARM.attributes
                0x000000000000001e       0x34 /opt/st/stm32cubeide_1.12.1/plugins/com.st.stm32cube.ide.mcu.externaltools.gnu-tools-for-stm32.10.3-2021.10.linux64_1.0.200.202301161003/tools/bin/../lib/gcc/arm-none-eabi/10.3.1/thumb/v7e-m+fp/hard/crtbegin.o
 .ARM.attributes
                0x0000000000000052       0x34 ./Core/Src/main.o
 .ARM.attributes
                0x0000000000000086       0x34 ./Core/Src/stm32f4xx_hal_msp.o
 .ARM.attributes
                0x00000000000000ba       0x34 ./Core/Src/stm32f4xx_it.o
 .ARM.attributes
                0x00000000000000ee       0x34 ./Core/Src/sysmem.o
 .ARM.attributes
                0x0000000000000122       0x34 ./Core/Src/system_stm32f4xx.o
 .ARM.attributes
                0x0000000000000156       0x21 ./Core/Startup/startup_stm32f401retx.o
 .ARM.attributes
                0x0000000000000177       0x34 ./Drivers/STM32F4xx_HAL_Driver/Src/stm32f4xx_hal.o
 .ARM.attributes
                0x00000000000001ab       0x34 ./Drivers/STM32F4xx_HAL_Driver/Src/stm32f4xx_hal_cortex.o
 .ARM.attributes
                0x00000000000001df       0x34 ./Drivers/STM32F4xx_HAL_Driver/Src/stm32f4xx_hal_gpio.o
 .ARM.attributes
                0x0000000000000213       0x34 ./Drivers/STM32F4xx_HAL_Driver/Src/stm32f4xx_hal_rcc.o
 .ARM.attributes
                0x0000000000000247       0x34 ./Drivers/STM32F4xx_HAL_Driver/Src/stm32f4xx_hal_tim.o
 .ARM.attributes
                0x000000000000027b       0x34 ./Drivers/STM32F4xx_HAL_Driver/Src/stm32f4xx_hal_uart.o
 .ARM.attributes
                0x00000000000002af       0x34 /opt/st/stm32cubeide_1.12.1/plugins/com.st.stm32cube.ide.mcu.externaltools.gnu-tools-for-stm32.10.3-2021.10.linux64_1.0.200.202301161003/tools/bin/../lib/gcc/arm-none-eabi/10.3.1/../../../../arm-none-eabi/lib/thumb/v7e-m+fp/hard/libc_nano.a(lib_a-errno.o)
 .ARM.attributes
                0x00000000000002e3       0x34 /opt/st/stm32cubeide_1.12.1/plugins/com.st.stm32cube.ide.mcu.externaltools.gnu-tools-for-stm32.10.3-2021.10.linux64_1.0.200.202301161003/tools/bin/../lib/gcc/arm-none-eabi/10.3.1/../../../../arm-none-eabi/lib/thumb/v7e-m+fp/hard/libc_nano.a(lib_a-impure.o)
 .ARM.attributes
                0x0000000000000317       0x34 /opt/st/stm32cubeide_1.12.1/plugins/com.st.stm32cube.ide.mcu.externaltools.gnu-tools-for-stm32.10.3-2021.10.linux64_1.0.200.202301161003/tools/bin/../lib/gcc/arm-none-eabi/10.3.1/../../../../arm-none-eabi/lib/thumb/v7e-m+fp/hard/libc_nano.a(lib_a-init.o)
 .ARM.attributes
                0x000000000000034b       0x34 /opt/st/stm32cubeide_1.12.1/plugins/com.st.stm32cube.ide.mcu.externaltools.gnu-tools-for-stm32.10.3-2021.10.linux64_1.0.200.202301161003/tools/bin/../lib/gcc/arm-none-eabi/10.3.1/../../../../arm-none-eabi/lib/thumb/v7e-m+fp/hard/libc_nano.a(lib_a-memset.o)
 .ARM.attributes
                0x000000000000037f       0x34 /opt/st/stm32cubeide_1.12.1/plugins/com.st.stm32cube.ide.mcu.externaltools.gnu-tools-for-stm32.10.3-2021.10.linux64_1.0.200.202301161003/tools/bin/../lib/gcc/arm-none-eabi/10.3.1/../../../../arm-none-eabi/lib/thumb/v7e-m+fp/hard/libc_nano.a(lib_a-sprintf.o)
 .ARM.attributes
                0x00000000000003b3       0x34 /opt/st/stm32cubeide_1.12.1/plugins/com.st.stm32cube.ide.mcu.externaltools.gnu-tools-for-stm32.10.3-2021.10.linux64_1.0.200.202301161003/tools/bin/../lib/gcc/arm-none-eabi/10.3.1/../../../../arm-none-eabi/lib/thumb/v7e-m+fp/hard/libc_nano.a(lib_a-strcat.o)
 .ARM.attributes
                0x00000000000003e7       0x17 /opt/st/stm32cubeide_1.12.1/plugins/com.st.stm32cube.ide.mcu.externaltools.gnu-tools-for-stm32.10.3-2021.10.linux64_1.0.200.202301161003/tools/bin/../lib/gcc/arm-none-eabi/10.3.1/../../../../arm-none-eabi/lib/thumb/v7e-m+fp/hard/libc_nano.a(lib_a-strlen.o)
 .ARM.attributes
                0x00000000000003fe       0x34 /opt/st/stm32cubeide_1.12.1/plugins/com.st.stm32cube.ide.mcu.externaltools.gnu-tools-for-stm32.10.3-2021.10.linux64_1.0.200.202301161003/tools/bin/../lib/gcc/arm-none-eabi/10.3.1/../../../../arm-none-eabi/lib/thumb/v7e-m+fp/hard/libc_nano.a(lib_a-nano-svfprintf.o)
 .ARM.attributes
                0x0000000000000432       0x34 /opt/st/stm32cubeide_1.12.1/plugins/com.st.stm32cube.ide.mcu.externaltools.gnu-tools-for-stm32.10.3-2021.10.linux64_1.0.200.202301161003/tools/bin/../lib/gcc/arm-none-eabi/10.3.1/../../../../arm-none-eabi/lib/thumb/v7e-m+fp/hard/libc_nano.a(lib_a-nano-vfprintf_i.o)
 .ARM.attributes
                0x0000000000000466       0x1c /opt/st/stm32cubeide_1.12.1/plugins/com.st.stm32cube.ide.mcu.externaltools.gnu-tools-for-stm32.10.3-2021.10.linux64_1.0.200.202301161003/tools/bin/../lib/gcc/arm-none-eabi/10.3.1/../../../../arm-none-eabi/lib/thumb/v7e-m+fp/hard/libc_nano.a(lib_a-memchr.o)
 .ARM.attributes
                0x0000000000000482       0x34 /opt/st/stm32cubeide_1.12.1/plugins/com.st.stm32cube.ide.mcu.externaltools.gnu-tools-for-stm32.10.3-2021.10.linux64_1.0.200.202301161003/tools/bin/../lib/gcc/arm-none-eabi/10.3.1/../../../../arm-none-eabi/lib/thumb/v7e-m+fp/hard/libc_nano.a(lib_a-memcpy-stub.o)
 .ARM.attributes
                0x00000000000004b6       0x34 /opt/st/stm32cubeide_1.12.1/plugins/com.st.stm32cube.ide.mcu.externaltools.gnu-tools-for-stm32.10.3-2021.10.linux64_1.0.200.202301161003/tools/bin/../lib/gcc/arm-none-eabi/10.3.1/../../../../arm-none-eabi/lib/thumb/v7e-m+fp/hard/libc_nano.a(lib_a-memmove.o)
 .ARM.attributes
                0x00000000000004ea       0x34 /opt/st/stm32cubeide_1.12.1/plugins/com.st.stm32cube.ide.mcu.externaltools.gnu-tools-for-stm32.10.3-2021.10.linux64_1.0.200.202301161003/tools/bin/../lib/gcc/arm-none-eabi/10.3.1/../../../../arm-none-eabi/lib/thumb/v7e-m+fp/hard/libc_nano.a(lib_a-nano-freer.o)
 .ARM.attributes
                0x000000000000051e       0x34 /opt/st/stm32cubeide_1.12.1/plugins/com.st.stm32cube.ide.mcu.externaltools.gnu-tools-for-stm32.10.3-2021.10.linux64_1.0.200.202301161003/tools/bin/../lib/gcc/arm-none-eabi/10.3.1/../../../../arm-none-eabi/lib/thumb/v7e-m+fp/hard/libc_nano.a(lib_a-nano-mallocr.o)
 .ARM.attributes
                0x0000000000000552       0x34 /opt/st/stm32cubeide_1.12.1/plugins/com.st.stm32cube.ide.mcu.externaltools.gnu-tools-for-stm32.10.3-2021.10.linux64_1.0.200.202301161003/tools/bin/../lib/gcc/arm-none-eabi/10.3.1/../../../../arm-none-eabi/lib/thumb/v7e-m+fp/hard/libc_nano.a(lib_a-nano-reallocr.o)
 .ARM.attributes
                0x0000000000000586       0x34 /opt/st/stm32cubeide_1.12.1/plugins/com.st.stm32cube.ide.mcu.externaltools.gnu-tools-for-stm32.10.3-2021.10.linux64_1.0.200.202301161003/tools/bin/../lib/gcc/arm-none-eabi/10.3.1/../../../../arm-none-eabi/lib/thumb/v7e-m+fp/hard/libc_nano.a(lib_a-sbrkr.o)
 .ARM.attributes
                0x00000000000005ba       0x34 /opt/st/stm32cubeide_1.12.1/plugins/com.st.stm32cube.ide.mcu.externaltools.gnu-tools-for-stm32.10.3-2021.10.linux64_1.0.200.202301161003/tools/bin/../lib/gcc/arm-none-eabi/10.3.1/../../../../arm-none-eabi/lib/thumb/v7e-m+fp/hard/libc_nano.a(lib_a-mlock.o)
 .ARM.attributes
                0x00000000000005ee       0x34 /opt/st/stm32cubeide_1.12.1/plugins/com.st.stm32cube.ide.mcu.externaltools.gnu-tools-for-stm32.10.3-2021.10.linux64_1.0.200.202301161003/tools/bin/../lib/gcc/arm-none-eabi/10.3.1/../../../../arm-none-eabi/lib/thumb/v7e-m+fp/hard/libc_nano.a(lib_a-nano-msizer.o)
 .ARM.attributes
                0x0000000000000622       0x34 /opt/st/stm32cubeide_1.12.1/plugins/com.st.stm32cube.ide.mcu.externaltools.gnu-tools-for-stm32.10.3-2021.10.linux64_1.0.200.202301161003/tools/bin/../lib/gcc/arm-none-eabi/10.3.1/../../../../arm-none-eabi/lib/thumb/v7e-m+fp/hard/libc_nano.a(lib_a-reent.o)
 .ARM.attributes
                0x0000000000000656       0x34 /opt/st/stm32cubeide_1.12.1/plugins/com.st.stm32cube.ide.mcu.externaltools.gnu-tools-for-stm32.10.3-2021.10.linux64_1.0.200.202301161003/tools/bin/../lib/gcc/arm-none-eabi/10.3.1/../../../../arm-none-eabi/lib/thumb/v7e-m+fp/hard/libc_nano.a(lib_a-lock.o)
 .ARM.attributes
                0x000000000000068a       0x1e /opt/st/stm32cubeide_1.12.1/plugins/com.st.stm32cube.ide.mcu.externaltools.gnu-tools-for-stm32.10.3-2021.10.linux64_1.0.200.202301161003/tools/bin/../lib/gcc/arm-none-eabi/10.3.1/thumb/v7e-m+fp/hard/libgcc.a(_arm_muldf3.o)
 .ARM.attributes
                0x00000000000006a8       0x1e /opt/st/stm32cubeide_1.12.1/plugins/com.st.stm32cube.ide.mcu.externaltools.gnu-tools-for-stm32.10.3-2021.10.linux64_1.0.200.202301161003/tools/bin/../lib/gcc/arm-none-eabi/10.3.1/thumb/v7e-m+fp/hard/libgcc.a(_arm_addsubdf3.o)
 .ARM.attributes
                0x00000000000006c6       0x1e /opt/st/stm32cubeide_1.12.1/plugins/com.st.stm32cube.ide.mcu.externaltools.gnu-tools-for-stm32.10.3-2021.10.linux64_1.0.200.202301161003/tools/bin/../lib/gcc/arm-none-eabi/10.3.1/thumb/v7e-m+fp/hard/libgcc.a(_arm_fixdfsi.o)
 .ARM.attributes
                0x00000000000006e4       0x1e /opt/st/stm32cubeide_1.12.1/plugins/com.st.stm32cube.ide.mcu.externaltools.gnu-tools-for-stm32.10.3-2021.10.linux64_1.0.200.202301161003/tools/bin/../lib/gcc/arm-none-eabi/10.3.1/thumb/v7e-m+fp/hard/libgcc.a(_aeabi_uldivmod.o)
 .ARM.attributes
                0x0000000000000702       0x34 /opt/st/stm32cubeide_1.12.1/plugins/com.st.stm32cube.ide.mcu.externaltools.gnu-tools-for-stm32.10.3-2021.10.linux64_1.0.200.202301161003/tools/bin/../lib/gcc/arm-none-eabi/10.3.1/thumb/v7e-m+fp/hard/libgcc.a(_udivmoddi4.o)
 .ARM.attributes
                0x0000000000000736       0x1e /opt/st/stm32cubeide_1.12.1/plugins/com.st.stm32cube.ide.mcu.externaltools.gnu-tools-for-stm32.10.3-2021.10.linux64_1.0.200.202301161003/tools/bin/../lib/gcc/arm-none-eabi/10.3.1/thumb/v7e-m+fp/hard/libgcc.a(_dvmd_tls.o)
 .ARM.attributes
                0x0000000000000754       0x1e /opt/st/stm32cubeide_1.12.1/plugins/com.st.stm32cube.ide.mcu.externaltools.gnu-tools-for-stm32.10.3-2021.10.linux64_1.0.200.202301161003/tools/bin/../lib/gcc/arm-none-eabi/10.3.1/thumb/v7e-m+fp/hard/crtn.o
OUTPUT(weatherStationSTM32.elf elf32-littlearm)
LOAD linker stubs
LOAD /opt/st/stm32cubeide_1.12.1/plugins/com.st.stm32cube.ide.mcu.externaltools.gnu-tools-for-stm32.10.3-2021.10.linux64_1.0.200.202301161003/tools/bin/../lib/gcc/arm-none-eabi/10.3.1/../../../../arm-none-eabi/lib/thumb/v7e-m+fp/hard/libc.a
LOAD /opt/st/stm32cubeide_1.12.1/plugins/com.st.stm32cube.ide.mcu.externaltools.gnu-tools-for-stm32.10.3-2021.10.linux64_1.0.200.202301161003/tools/bin/../lib/gcc/arm-none-eabi/10.3.1/../../../../arm-none-eabi/lib/thumb/v7e-m+fp/hard/libm.a
LOAD /opt/st/stm32cubeide_1.12.1/plugins/com.st.stm32cube.ide.mcu.externaltools.gnu-tools-for-stm32.10.3-2021.10.linux64_1.0.200.202301161003/tools/bin/../lib/gcc/arm-none-eabi/10.3.1/thumb/v7e-m+fp/hard/libgcc.a

.debug_info     0x0000000000000000     0xb048
 .debug_info    0x0000000000000000     0x15e5 ./Core/Src/main.o
 .debug_info    0x00000000000015e5      0xd51 ./Core/Src/stm32f4xx_hal_msp.o
 .debug_info    0x0000000000002336      0x121 ./Core/Src/stm32f4xx_it.o
 .debug_info    0x0000000000002457      0x171 ./Core/Src/sysmem.o
 .debug_info    0x00000000000025c8      0x54f ./Core/Src/system_stm32f4xx.o
 .debug_info    0x0000000000002b17       0x22 ./Core/Startup/startup_stm32f401retx.o
 .debug_info    0x0000000000002b39      0x906 ./Drivers/STM32F4xx_HAL_Driver/Src/stm32f4xx_hal.o
 .debug_info    0x000000000000343f      0xd85 ./Drivers/STM32F4xx_HAL_Driver/Src/stm32f4xx_hal_cortex.o
 .debug_info    0x00000000000041c4      0x78e ./Drivers/STM32F4xx_HAL_Driver/Src/stm32f4xx_hal_gpio.o
 .debug_info    0x0000000000004952      0x98c ./Drivers/STM32F4xx_HAL_Driver/Src/stm32f4xx_hal_rcc.o
 .debug_info    0x00000000000052de     0x2bb6 ./Drivers/STM32F4xx_HAL_Driver/Src/stm32f4xx_hal_tim.o
 .debug_info    0x0000000000007e94     0x31b4 ./Drivers/STM32F4xx_HAL_Driver/Src/stm32f4xx_hal_uart.o

.debug_abbrev   0x0000000000000000     0x168d
 .debug_abbrev  0x0000000000000000      0x322 ./Core/Src/main.o
 .debug_abbrev  0x0000000000000322      0x1df ./Core/Src/stm32f4xx_hal_msp.o
 .debug_abbrev  0x0000000000000501       0x74 ./Core/Src/stm32f4xx_it.o
 .debug_abbrev  0x0000000000000575       0xbb ./Core/Src/sysmem.o
 .debug_abbrev  0x0000000000000630      0x116 ./Core/Src/system_stm32f4xx.o
 .debug_abbrev  0x0000000000000746       0x12 ./Core/Startup/startup_stm32f401retx.o
 .debug_abbrev  0x0000000000000758      0x23e ./Drivers/STM32F4xx_HAL_Driver/Src/stm32f4xx_hal.o
 .debug_abbrev  0x0000000000000996      0x316 ./Drivers/STM32F4xx_HAL_Driver/Src/stm32f4xx_hal_cortex.o
 .debug_abbrev  0x0000000000000cac      0x1c4 ./Drivers/STM32F4xx_HAL_Driver/Src/stm32f4xx_hal_gpio.o
 .debug_abbrev  0x0000000000000e70      0x2aa ./Drivers/STM32F4xx_HAL_Driver/Src/stm32f4xx_hal_rcc.o
 .debug_abbrev  0x000000000000111a      0x26e ./Drivers/STM32F4xx_HAL_Driver/Src/stm32f4xx_hal_tim.o
 .debug_abbrev  0x0000000000001388      0x305 ./Drivers/STM32F4xx_HAL_Driver/Src/stm32f4xx_hal_uart.o

.debug_aranges  0x0000000000000000      0xa68
 .debug_aranges
                0x0000000000000000       0xa0 ./Core/Src/main.o
 .debug_aranges
                0x00000000000000a0       0x40 ./Core/Src/stm32f4xx_hal_msp.o
 .debug_aranges
                0x00000000000000e0       0x60 ./Core/Src/stm32f4xx_it.o
 .debug_aranges
                0x0000000000000140       0x20 ./Core/Src/sysmem.o
 .debug_aranges
                0x0000000000000160       0x28 ./Core/Src/system_stm32f4xx.o
 .debug_aranges
                0x0000000000000188       0x28 ./Core/Startup/startup_stm32f401retx.o
 .debug_aranges
                0x00000000000001b0       0xf0 ./Drivers/STM32F4xx_HAL_Driver/Src/stm32f4xx_hal.o
 .debug_aranges
                0x00000000000002a0      0x118 ./Drivers/STM32F4xx_HAL_Driver/Src/stm32f4xx_hal_cortex.o
 .debug_aranges
                0x00000000000003b8       0x58 ./Drivers/STM32F4xx_HAL_Driver/Src/stm32f4xx_hal_gpio.o
 .debug_aranges
                0x0000000000000410       0x88 ./Drivers/STM32F4xx_HAL_Driver/Src/stm32f4xx_hal_rcc.o
 .debug_aranges
                0x0000000000000498      0x3d0 ./Drivers/STM32F4xx_HAL_Driver/Src/stm32f4xx_hal_tim.o
 .debug_aranges
                0x0000000000000868      0x200 ./Drivers/STM32F4xx_HAL_Driver/Src/stm32f4xx_hal_uart.o

.debug_ranges   0x0000000000000000      0x9e0
 .debug_ranges  0x0000000000000000       0x90 ./Core/Src/main.o
 .debug_ranges  0x0000000000000090       0x30 ./Core/Src/stm32f4xx_hal_msp.o
 .debug_ranges  0x00000000000000c0       0x50 ./Core/Src/stm32f4xx_it.o
 .debug_ranges  0x0000000000000110       0x10 ./Core/Src/sysmem.o
 .debug_ranges  0x0000000000000120       0x18 ./Core/Src/system_stm32f4xx.o
 .debug_ranges  0x0000000000000138       0x20 ./Core/Startup/startup_stm32f401retx.o
 .debug_ranges  0x0000000000000158       0xe0 ./Drivers/STM32F4xx_HAL_Driver/Src/stm32f4xx_hal.o
 .debug_ranges  0x0000000000000238      0x108 ./Drivers/STM32F4xx_HAL_Driver/Src/stm32f4xx_hal_cortex.o
 .debug_ranges  0x0000000000000340       0x48 ./Drivers/STM32F4xx_HAL_Driver/Src/stm32f4xx_hal_gpio.o
 .debug_ranges  0x0000000000000388       0x78 ./Drivers/STM32F4xx_HAL_Driver/Src/stm32f4xx_hal_rcc.o
 .debug_ranges  0x0000000000000400      0x3c0 ./Drivers/STM32F4xx_HAL_Driver/Src/stm32f4xx_hal_tim.o
 .debug_ranges  0x00000000000007c0      0x220 ./Drivers/STM32F4xx_HAL_Driver/Src/stm32f4xx_hal_uart.o

.debug_macro    0x0000000000000000    0x1637e
 .debug_macro   0x0000000000000000      0x3e9 ./Core/Src/main.o
 .debug_macro   0x00000000000003e9      0xa78 ./Core/Src/main.o
 .debug_macro   0x0000000000000e61      0x29b ./Core/Src/main.o
 .debug_macro   0x00000000000010fc       0x2e ./Core/Src/main.o
 .debug_macro   0x000000000000112a       0x28 ./Core/Src/main.o
 .debug_macro   0x0000000000001152       0x22 ./Core/Src/main.o
 .debug_macro   0x0000000000001174       0x8e ./Core/Src/main.o
 .debug_macro   0x0000000000001202       0x51 ./Core/Src/main.o
 .debug_macro   0x0000000000001253      0x103 ./Core/Src/main.o
 .debug_macro   0x0000000000001356       0x6a ./Core/Src/main.o
 .debug_macro   0x00000000000013c0      0x1df ./Core/Src/main.o
 .debug_macro   0x000000000000159f       0x1c ./Core/Src/main.o
 .debug_macro   0x00000000000015bb       0x22 ./Core/Src/main.o
 .debug_macro   0x00000000000015dd       0xd9 ./Core/Src/main.o
 .debug_macro   0x00000000000016b6     0x102d ./Core/Src/main.o
 .debug_macro   0x00000000000026e3      0x11f ./Core/Src/main.o
 .debug_macro   0x0000000000002802     0xb86c ./Core/Src/main.o
 .debug_macro   0x000000000000e06e       0x6d ./Core/Src/main.o
 .debug_macro   0x000000000000e0db     0x367e ./Core/Src/main.o
 .debug_macro   0x0000000000011759      0x174 ./Core/Src/main.o
 .debug_macro   0x00000000000118cd       0x5c ./Core/Src/main.o
 .debug_macro   0x0000000000011929      0x416 ./Core/Src/main.o
 .debug_macro   0x0000000000011d3f      0x9fe ./Core/Src/main.o
 .debug_macro   0x000000000001273d      0x115 ./Core/Src/main.o
 .debug_macro   0x0000000000012852       0xf8 ./Core/Src/main.o
 .debug_macro   0x000000000001294a       0xa5 ./Core/Src/main.o
 .debug_macro   0x00000000000129ef      0x15f ./Core/Src/main.o
 .debug_macro   0x0000000000012b4e      0x287 ./Core/Src/main.o
 .debug_macro   0x0000000000012dd5       0x5f ./Core/Src/main.o
 .debug_macro   0x0000000000012e34      0x236 ./Core/Src/main.o
 .debug_macro   0x000000000001306a      0x132 ./Core/Src/main.o
 .debug_macro   0x000000000001319c      0x264 ./Core/Src/main.o
 .debug_macro   0x0000000000013400       0x2e ./Core/Src/main.o
 .debug_macro   0x000000000001342e      0x11a ./Core/Src/main.o
 .debug_macro   0x0000000000013548       0x85 ./Core/Src/main.o
 .debug_macro   0x00000000000135cd       0x89 ./Core/Src/main.o
 .debug_macro   0x0000000000013656      0x8e6 ./Core/Src/main.o
 .debug_macro   0x0000000000013f3c       0x47 ./Core/Src/main.o
 .debug_macro   0x0000000000013f83      0x295 ./Core/Src/main.o
 .debug_macro   0x0000000000014218      0x126 ./Core/Src/main.o
 .debug_macro   0x000000000001433e       0x64 ./Core/Src/main.o
 .debug_macro   0x00000000000143a2       0x2e ./Core/Src/main.o
 .debug_macro   0x00000000000143d0       0x1e ./Core/Src/main.o
 .debug_macro   0x00000000000143ee       0x52 ./Core/Src/main.o
 .debug_macro   0x0000000000014440       0x3c ./Core/Src/main.o
 .debug_macro   0x000000000001447c       0x34 ./Core/Src/main.o
 .debug_macro   0x00000000000144b0       0x16 ./Core/Src/main.o
 .debug_macro   0x00000000000144c6       0x35 ./Core/Src/main.o
 .debug_macro   0x00000000000144fb       0x16 ./Core/Src/main.o
 .debug_macro   0x0000000000014511       0x43 ./Core/Src/main.o
 .debug_macro   0x0000000000014554       0x34 ./Core/Src/main.o
 .debug_macro   0x0000000000014588       0x10 ./Core/Src/main.o
 .debug_macro   0x0000000000014598       0x58 ./Core/Src/main.o
 .debug_macro   0x00000000000145f0       0x71 ./Core/Src/main.o
 .debug_macro   0x0000000000014661       0x1c ./Core/Src/main.o
 .debug_macro   0x000000000001467d      0x12a ./Core/Src/main.o
 .debug_macro   0x00000000000147a7      0x341 ./Core/Src/main.o
 .debug_macro   0x0000000000014ae8       0x16 ./Core/Src/main.o
 .debug_macro   0x0000000000014afe       0x29 ./Core/Src/main.o
 .debug_macro   0x0000000000014b27       0x22 ./Core/Src/main.o
 .debug_macro   0x0000000000014b49       0x1c ./Core/Src/main.o
 .debug_macro   0x0000000000014b65       0x10 ./Core/Src/main.o
 .debug_macro   0x0000000000014b75       0x10 ./Core/Src/main.o
 .debug_macro   0x0000000000014b85       0x1c ./Core/Src/main.o
 .debug_macro   0x0000000000014ba1       0x52 ./Core/Src/main.o
 .debug_macro   0x0000000000014bf3       0x22 ./Core/Src/main.o
 .debug_macro   0x0000000000014c15       0x10 ./Core/Src/main.o
 .debug_macro   0x0000000000014c25       0x52 ./Core/Src/main.o
 .debug_macro   0x0000000000014c77       0xd5 ./Core/Src/main.o
 .debug_macro   0x0000000000014d4c       0x1c ./Core/Src/main.o
 .debug_macro   0x0000000000014d68       0x3d ./Core/Src/main.o
 .debug_macro   0x0000000000014da5       0x16 ./Core/Src/main.o
 .debug_macro   0x0000000000014dbb      0x145 ./Core/Src/main.o
 .debug_macro   0x0000000000014f00       0x16 ./Core/Src/main.o
 .debug_macro   0x0000000000014f16       0x20 ./Core/Src/main.o
 .debug_macro   0x0000000000014f36       0x1c ./Core/Src/main.o
 .debug_macro   0x0000000000014f52      0x1dd ./Core/Src/stm32f4xx_hal_msp.o
 .debug_macro   0x000000000001512f      0x1e7 ./Core/Src/stm32f4xx_it.o
 .debug_macro   0x0000000000015316       0xff ./Core/Src/sysmem.o
 .debug_macro   0x0000000000015415      0x23b ./Core/Src/sysmem.o
 .debug_macro   0x0000000000015650      0x1ce ./Core/Src/system_stm32f4xx.o
 .debug_macro   0x000000000001581e      0x22e ./Drivers/STM32F4xx_HAL_Driver/Src/stm32f4xx_hal.o
 .debug_macro   0x0000000000015a4c      0x1ce ./Drivers/STM32F4xx_HAL_Driver/Src/stm32f4xx_hal_cortex.o
 .debug_macro   0x0000000000015c1a      0x1d4 ./Drivers/STM32F4xx_HAL_Driver/Src/stm32f4xx_hal_gpio.o
 .debug_macro   0x0000000000015dee      0x1f2 ./Drivers/STM32F4xx_HAL_Driver/Src/stm32f4xx_hal_rcc.o
 .debug_macro   0x0000000000015fe0      0x1cf ./Drivers/STM32F4xx_HAL_Driver/Src/stm32f4xx_hal_tim.o
 .debug_macro   0x00000000000161af      0x1cf ./Drivers/STM32F4xx_HAL_Driver/Src/stm32f4xx_hal_uart.o

.debug_line     0x0000000000000000     0xb45b
 .debug_line    0x0000000000000000      0xd64 ./Core/Src/main.o
 .debug_line    0x0000000000000d64      0x725 ./Core/Src/stm32f4xx_hal_msp.o
 .debug_line    0x0000000000001489      0x762 ./Core/Src/stm32f4xx_it.o
 .debug_line    0x0000000000001beb      0x4c7 ./Core/Src/sysmem.o
 .debug_line    0x00000000000020b2      0x721 ./Core/Src/system_stm32f4xx.o
 .debug_line    0x00000000000027d3       0x88 ./Core/Startup/startup_stm32f401retx.o
 .debug_line    0x000000000000285b      0x987 ./Drivers/STM32F4xx_HAL_Driver/Src/stm32f4xx_hal.o
 .debug_line    0x00000000000031e2      0xc36 ./Drivers/STM32F4xx_HAL_Driver/Src/stm32f4xx_hal_cortex.o
 .debug_line    0x0000000000003e18      0xabf ./Drivers/STM32F4xx_HAL_Driver/Src/stm32f4xx_hal_gpio.o
 .debug_line    0x00000000000048d7      0xd03 ./Drivers/STM32F4xx_HAL_Driver/Src/stm32f4xx_hal_rcc.o
 .debug_line    0x00000000000055da     0x3455 ./Drivers/STM32F4xx_HAL_Driver/Src/stm32f4xx_hal_tim.o
 .debug_line    0x0000000000008a2f     0x2a2c ./Drivers/STM32F4xx_HAL_Driver/Src/stm32f4xx_hal_uart.o

.debug_str      0x0000000000000000    0x8d5a1
 .debug_str     0x0000000000000000    0x8a995 ./Core/Src/main.o
                                      0x8acf8 (size before relaxing)
 .debug_str     0x000000000008a995       0xb9 ./Core/Src/stm32f4xx_hal_msp.o
                                      0x867d0 (size before relaxing)
 .debug_str     0x000000000008aa4e       0xc9 ./Core/Src/stm32f4xx_it.o
                                      0x85f25 (size before relaxing)
 .debug_str     0x000000000008ab17      0x4da ./Core/Src/sysmem.o
                                       0x5dd9 (size before relaxing)
 .debug_str     0x000000000008aff1       0xdb ./Core/Src/system_stm32f4xx.o
                                      0x85f05 (size before relaxing)
 .debug_str     0x000000000008b0cc       0x36 ./Core/Startup/startup_stm32f401retx.o
                                         0x83 (size before relaxing)
 .debug_str     0x000000000008b102      0x991 ./Drivers/STM32F4xx_HAL_Driver/Src/stm32f4xx_hal.o
                                      0x86927 (size before relaxing)
 .debug_str     0x000000000008ba93      0x354 ./Drivers/STM32F4xx_HAL_Driver/Src/stm32f4xx_hal_cortex.o
                                      0x86648 (size before relaxing)
 .debug_str     0x000000000008bde7       0xfd ./Drivers/STM32F4xx_HAL_Driver/Src/stm32f4xx_hal_gpio.o
                                      0x86080 (size before relaxing)
 .debug_str     0x000000000008bee4      0x233 ./Drivers/STM32F4xx_HAL_Driver/Src/stm32f4xx_hal_rcc.o
                                      0x86339 (size before relaxing)
 .debug_str     0x000000000008c117      0xe80 ./Drivers/STM32F4xx_HAL_Driver/Src/stm32f4xx_hal_tim.o
                                      0x8726d (size before relaxing)
 .debug_str     0x000000000008cf97      0x60a ./Drivers/STM32F4xx_HAL_Driver/Src/stm32f4xx_hal_uart.o
                                      0x868c6 (size before relaxing)

.comment        0x0000000000000000       0x50
 .comment       0x0000000000000000       0x50 ./Core/Src/main.o
                                         0x51 (size before relaxing)
 .comment       0x0000000000000050       0x51 ./Core/Src/stm32f4xx_hal_msp.o
 .comment       0x0000000000000050       0x51 ./Core/Src/stm32f4xx_it.o
 .comment       0x0000000000000050       0x51 ./Core/Src/sysmem.o
 .comment       0x0000000000000050       0x51 ./Core/Src/system_stm32f4xx.o
 .comment       0x0000000000000050       0x51 ./Drivers/STM32F4xx_HAL_Driver/Src/stm32f4xx_hal.o
 .comment       0x0000000000000050       0x51 ./Drivers/STM32F4xx_HAL_Driver/Src/stm32f4xx_hal_cortex.o
 .comment       0x0000000000000050       0x51 ./Drivers/STM32F4xx_HAL_Driver/Src/stm32f4xx_hal_gpio.o
 .comment       0x0000000000000050       0x51 ./Drivers/STM32F4xx_HAL_Driver/Src/stm32f4xx_hal_rcc.o
 .comment       0x0000000000000050       0x51 ./Drivers/STM32F4xx_HAL_Driver/Src/stm32f4xx_hal_tim.o
 .comment       0x0000000000000050       0x51 ./Drivers/STM32F4xx_HAL_Driver/Src/stm32f4xx_hal_uart.o

.debug_frame    0x0000000000000000     0x30e4
 .debug_frame   0x0000000000000000      0x26c ./Core/Src/main.o
 .debug_frame   0x000000000000026c       0xcc ./Core/Src/stm32f4xx_hal_msp.o
 .debug_frame   0x0000000000000338      0x104 ./Core/Src/stm32f4xx_it.o
 .debug_frame   0x000000000000043c       0x34 ./Core/Src/sysmem.o
 .debug_frame   0x0000000000000470       0x58 ./Core/Src/system_stm32f4xx.o
 .debug_frame   0x00000000000004c8      0x374 ./Drivers/STM32F4xx_HAL_Driver/Src/stm32f4xx_hal.o
 .debug_frame   0x000000000000083c      0x498 ./Drivers/STM32F4xx_HAL_Driver/Src/stm32f4xx_hal_cortex.o
 .debug_frame   0x0000000000000cd4      0x14c ./Drivers/STM32F4xx_HAL_Driver/Src/stm32f4xx_hal_gpio.o
 .debug_frame   0x0000000000000e20      0x1f4 ./Drivers/STM32F4xx_HAL_Driver/Src/stm32f4xx_hal_rcc.o
 .debug_frame   0x0000000000001014     0x11bc ./Drivers/STM32F4xx_HAL_Driver/Src/stm32f4xx_hal_tim.o
 .debug_frame   0x00000000000021d0      0x92c ./Drivers/STM32F4xx_HAL_Driver/Src/stm32f4xx_hal_uart.o
 .debug_frame   0x0000000000002afc       0x20 /opt/st/stm32cubeide_1.12.1/plugins/com.st.stm32cube.ide.mcu.externaltools.gnu-tools-for-stm32.10.3-2021.10.linux64_1.0.200.202301161003/tools/bin/../lib/gcc/arm-none-eabi/10.3.1/../../../../arm-none-eabi/lib/thumb/v7e-m+fp/hard/libc_nano.a(lib_a-errno.o)
 .debug_frame   0x0000000000002b1c       0x2c /opt/st/stm32cubeide_1.12.1/plugins/com.st.stm32cube.ide.mcu.externaltools.gnu-tools-for-stm32.10.3-2021.10.linux64_1.0.200.202301161003/tools/bin/../lib/gcc/arm-none-eabi/10.3.1/../../../../arm-none-eabi/lib/thumb/v7e-m+fp/hard/libc_nano.a(lib_a-init.o)
 .debug_frame   0x0000000000002b48       0x20 /opt/st/stm32cubeide_1.12.1/plugins/com.st.stm32cube.ide.mcu.externaltools.gnu-tools-for-stm32.10.3-2021.10.linux64_1.0.200.202301161003/tools/bin/../lib/gcc/arm-none-eabi/10.3.1/../../../../arm-none-eabi/lib/thumb/v7e-m+fp/hard/libc_nano.a(lib_a-memset.o)
 .debug_frame   0x0000000000002b68       0x6c /opt/st/stm32cubeide_1.12.1/plugins/com.st.stm32cube.ide.mcu.externaltools.gnu-tools-for-stm32.10.3-2021.10.linux64_1.0.200.202301161003/tools/bin/../lib/gcc/arm-none-eabi/10.3.1/../../../../arm-none-eabi/lib/thumb/v7e-m+fp/hard/libc_nano.a(lib_a-sprintf.o)
 .debug_frame   0x0000000000002bd4       0x28 /opt/st/stm32cubeide_1.12.1/plugins/com.st.stm32cube.ide.mcu.externaltools.gnu-tools-for-stm32.10.3-2021.10.linux64_1.0.200.202301161003/tools/bin/../lib/gcc/arm-none-eabi/10.3.1/../../../../arm-none-eabi/lib/thumb/v7e-m+fp/hard/libc_nano.a(lib_a-strcat.o)
 .debug_frame   0x0000000000002bfc       0x90 /opt/st/stm32cubeide_1.12.1/plugins/com.st.stm32cube.ide.mcu.externaltools.gnu-tools-for-stm32.10.3-2021.10.linux64_1.0.200.202301161003/tools/bin/../lib/gcc/arm-none-eabi/10.3.1/../../../../arm-none-eabi/lib/thumb/v7e-m+fp/hard/libc_nano.a(lib_a-nano-svfprintf.o)
 .debug_frame   0x0000000000002c8c       0x60 /opt/st/stm32cubeide_1.12.1/plugins/com.st.stm32cube.ide.mcu.externaltools.gnu-tools-for-stm32.10.3-2021.10.linux64_1.0.200.202301161003/tools/bin/../lib/gcc/arm-none-eabi/10.3.1/../../../../arm-none-eabi/lib/thumb/v7e-m+fp/hard/libc_nano.a(lib_a-nano-vfprintf_i.o)
 .debug_frame   0x0000000000002cec       0x28 /opt/st/stm32cubeide_1.12.1/plugins/com.st.stm32cube.ide.mcu.externaltools.gnu-tools-for-stm32.10.3-2021.10.linux64_1.0.200.202301161003/tools/bin/../lib/gcc/arm-none-eabi/10.3.1/../../../../arm-none-eabi/lib/thumb/v7e-m+fp/hard/libc_nano.a(lib_a-memcpy-stub.o)
 .debug_frame   0x0000000000002d14       0x28 /opt/st/stm32cubeide_1.12.1/plugins/com.st.stm32cube.ide.mcu.externaltools.gnu-tools-for-stm32.10.3-2021.10.linux64_1.0.200.202301161003/tools/bin/../lib/gcc/arm-none-eabi/10.3.1/../../../../arm-none-eabi/lib/thumb/v7e-m+fp/hard/libc_nano.a(lib_a-memmove.o)
 .debug_frame   0x0000000000002d3c       0x38 /opt/st/stm32cubeide_1.12.1/plugins/com.st.stm32cube.ide.mcu.externaltools.gnu-tools-for-stm32.10.3-2021.10.linux64_1.0.200.202301161003/tools/bin/../lib/gcc/arm-none-eabi/10.3.1/../../../../arm-none-eabi/lib/thumb/v7e-m+fp/hard/libc_nano.a(lib_a-nano-freer.o)
 .debug_frame   0x0000000000002d74       0x4c /opt/st/stm32cubeide_1.12.1/plugins/com.st.stm32cube.ide.mcu.externaltools.gnu-tools-for-stm32.10.3-2021.10.linux64_1.0.200.202301161003/tools/bin/../lib/gcc/arm-none-eabi/10.3.1/../../../../arm-none-eabi/lib/thumb/v7e-m+fp/hard/libc_nano.a(lib_a-nano-mallocr.o)
 .debug_frame   0x0000000000002dc0       0x3c /opt/st/stm32cubeide_1.12.1/plugins/com.st.stm32cube.ide.mcu.externaltools.gnu-tools-for-stm32.10.3-2021.10.linux64_1.0.200.202301161003/tools/bin/../lib/gcc/arm-none-eabi/10.3.1/../../../../arm-none-eabi/lib/thumb/v7e-m+fp/hard/libc_nano.a(lib_a-nano-reallocr.o)
 .debug_frame   0x0000000000002dfc       0x2c /opt/st/stm32cubeide_1.12.1/plugins/com.st.stm32cube.ide.mcu.externaltools.gnu-tools-for-stm32.10.3-2021.10.linux64_1.0.200.202301161003/tools/bin/../lib/gcc/arm-none-eabi/10.3.1/../../../../arm-none-eabi/lib/thumb/v7e-m+fp/hard/libc_nano.a(lib_a-sbrkr.o)
 .debug_frame   0x0000000000002e28       0x30 /opt/st/stm32cubeide_1.12.1/plugins/com.st.stm32cube.ide.mcu.externaltools.gnu-tools-for-stm32.10.3-2021.10.linux64_1.0.200.202301161003/tools/bin/../lib/gcc/arm-none-eabi/10.3.1/../../../../arm-none-eabi/lib/thumb/v7e-m+fp/hard/libc_nano.a(lib_a-mlock.o)
 .debug_frame   0x0000000000002e58       0x20 /opt/st/stm32cubeide_1.12.1/plugins/com.st.stm32cube.ide.mcu.externaltools.gnu-tools-for-stm32.10.3-2021.10.linux64_1.0.200.202301161003/tools/bin/../lib/gcc/arm-none-eabi/10.3.1/../../../../arm-none-eabi/lib/thumb/v7e-m+fp/hard/libc_nano.a(lib_a-nano-msizer.o)
 .debug_frame   0x0000000000002e78       0x5c /opt/st/stm32cubeide_1.12.1/plugins/com.st.stm32cube.ide.mcu.externaltools.gnu-tools-for-stm32.10.3-2021.10.linux64_1.0.200.202301161003/tools/bin/../lib/gcc/arm-none-eabi/10.3.1/../../../../arm-none-eabi/lib/thumb/v7e-m+fp/hard/libc_nano.a(lib_a-reent.o)
 .debug_frame   0x0000000000002ed4       0xb0 /opt/st/stm32cubeide_1.12.1/plugins/com.st.stm32cube.ide.mcu.externaltools.gnu-tools-for-stm32.10.3-2021.10.linux64_1.0.200.202301161003/tools/bin/../lib/gcc/arm-none-eabi/10.3.1/../../../../arm-none-eabi/lib/thumb/v7e-m+fp/hard/libc_nano.a(lib_a-lock.o)
 .debug_frame   0x0000000000002f84       0x30 /opt/st/stm32cubeide_1.12.1/plugins/com.st.stm32cube.ide.mcu.externaltools.gnu-tools-for-stm32.10.3-2021.10.linux64_1.0.200.202301161003/tools/bin/../lib/gcc/arm-none-eabi/10.3.1/thumb/v7e-m+fp/hard/libgcc.a(_arm_muldf3.o)
 .debug_frame   0x0000000000002fb4       0xac /opt/st/stm32cubeide_1.12.1/plugins/com.st.stm32cube.ide.mcu.externaltools.gnu-tools-for-stm32.10.3-2021.10.linux64_1.0.200.202301161003/tools/bin/../lib/gcc/arm-none-eabi/10.3.1/thumb/v7e-m+fp/hard/libgcc.a(_arm_addsubdf3.o)
 .debug_frame   0x0000000000003060       0x24 /opt/st/stm32cubeide_1.12.1/plugins/com.st.stm32cube.ide.mcu.externaltools.gnu-tools-for-stm32.10.3-2021.10.linux64_1.0.200.202301161003/tools/bin/../lib/gcc/arm-none-eabi/10.3.1/thumb/v7e-m+fp/hard/libgcc.a(_arm_fixdfsi.o)
 .debug_frame   0x0000000000003084       0x2c /opt/st/stm32cubeide_1.12.1/plugins/com.st.stm32cube.ide.mcu.externaltools.gnu-tools-for-stm32.10.3-2021.10.linux64_1.0.200.202301161003/tools/bin/../lib/gcc/arm-none-eabi/10.3.1/thumb/v7e-m+fp/hard/libgcc.a(_aeabi_uldivmod.o)
 .debug_frame   0x00000000000030b0       0x34 /opt/st/stm32cubeide_1.12.1/plugins/com.st.stm32cube.ide.mcu.externaltools.gnu-tools-for-stm32.10.3-2021.10.linux64_1.0.200.202301161003/tools/bin/../lib/gcc/arm-none-eabi/10.3.1/thumb/v7e-m+fp/hard/libgcc.a(_udivmoddi4.o)
